Csky GNU Linker

======================================================================

Section Cross References

	board.o(.text.board_init) refers to pinmux.o(.text.drv_pinmux_config) for drv_pinmux_config
	app_main.o(.text.boot_sys_reboot) refers to reboot.o(.text.drv_reboot) for drv_reboot
	uart.o(.text.csi_usart_config) refers to sys_freq.o(.text.drv_get_apb_freq) for drv_get_apb_freq
	startup.o(.text) refers to system.o(.text.SystemInit) for SystemInit
	devices.o(.text.target_usart_init) refers to devices.o(.text.target_get) for target_get
	devices.o(.text.target_get_lspi) refers to devices.o(.text.target_get) for target_get
	uart.o(.text.csi_usart_initialize) refers to devices.o(.text.target_usart_init) for target_usart_init
	spi.o(.text.csi_spi_initialize) refers to devices.o(.text.target_get_lspi) for target_get_lspi
	eflash.o(.text.csi_eflash_initialize) refers to devices.o(.text.target_get_eflash) for target_get_eflash
	spiflash.o(.text.csi_spiflash_initialize) refers to devices.o(.text.target_get_spiflash) for target_get_spiflash
	flash_ops.o(.text.boot_flash_init) refers to eflash.o(.text.csi_eflash_initialize) for csi_eflash_initialize
	flash_ops.o(.text._boot_flash_read) refers to eflash.o(.text.csi_eflash_read) for csi_eflash_read
	flash_ops.o(.text._boot_flash_write) refers to eflash.o(.text.csi_eflash_program) for csi_eflash_program
	flash_ops.o(.text._boot_flash_erase) refers to eflash.o(.text.csi_eflash_erase_sector) for csi_eflash_erase_sector
	flash_ops.o(.text._boot_flash_info_get) refers to eflash.o(.text.csi_eflash_get_info) for csi_eflash_get_info
	sec_mcu_sha.o(.text.sc_sha_init) refers to sha.o(.text.csi_sha_initialize) for csi_sha_initialize
	sec_mcu_sha.o(.text.sc_sha_uninit) refers to sha.o(.text.csi_sha_uninitialize) for csi_sha_uninitialize
	sec_mcu_sha.o(.text.sc_sha_start) refers to sha.o(.text.csi_sha_config) for csi_sha_config
	sec_mcu_sha.o(.text.sc_sha_start) refers to sha.o(.text.csi_sha_start) for csi_sha_start
	sec_mcu_sha.o(.text.sc_sha_update) refers to sha.o(.text.csi_sha_update) for csi_sha_update
	sec_mcu_sha.o(.text.sc_sha_finish) refers to sha.o(.text.csi_sha_finish) for csi_sha_finish
	spiflash.o(.text.csi_spiflash_initialize) refers to spi.o(.text.csi_spi_initialize) for csi_spi_initialize
	extern_flash.o(.text.extflash_open) refers to spiflash.o(.text.csi_spiflash_initialize) for csi_spiflash_initialize
	extern_flash.o(.text.extflash_read) refers to spiflash.o(.text.csi_spiflash_read) for csi_spiflash_read
	extern_flash.o(.text.extflash_write) refers to spiflash.o(.text.csi_spiflash_program) for csi_spiflash_program
	extern_flash.o(.text.extflash_erase) refers to spiflash.o(.text.csi_spiflash_erase_sector) for csi_spiflash_erase_sector
	extern_flash.o(.text.extflash_info_get) refers to spiflash.o(.text.csi_spiflash_get_info) for csi_spiflash_get_info
	extern_flash.o(.text.extflash_erase) refers to spiflash.o(.text.csi_spiflash_get_info) for csi_spiflash_get_info
	extern_flash.o(.text.extflash_write) refers to spiflash.o(.text.csi_spiflash_get_info) for csi_spiflash_get_info
	extern_flash.o(.text.extflash_read) refers to spiflash.o(.text.csi_spiflash_get_info) for csi_spiflash_get_info
	board.o(.text.board_init) refers to uart.o(.text.uart0Init) for uart0Init
	board.o(.text.board_init) refers to uart.o(.text.csi_usart_initialize) for csi_usart_initialize
	board.o(.text.board_init) refers to uart.o(.text.csi_usart_config) for csi_usart_config
	board.o(.text.fputc) refers to uart.o(.text.csi_usart_putchar) for csi_usart_putchar
	sys_freq.o(.text.drv_get_apb_freq) refers to wm_cpu.o(.text.tls_sys_clk_get) for tls_sys_clk_get
	wm_hostspi.o(.text.spi_set_sclk) refers to wm_cpu.o(.text.tls_sys_clk_get) for tls_sys_clk_get
	wm_hostspi.o(.text.spi_dma_init) refers to wm_cpu.o(.text.tls_sys_clk_get) for tls_sys_clk_get
	wm_hostspi.o(.text.tls_spi_setup) refers to wm_cpu.o(.text.tls_sys_clk_get) for tls_sys_clk_get
	wm_hostspi.o(.text.spi_block_read_dma.part.0.constprop.13) refers to wm_dma.o(.text.tls_dma_wait_complt) for tls_dma_wait_complt
	wm_hostspi.o(.text.spi_block_write_dma.part.1.constprop.14) refers to wm_dma.o(.text.tls_dma_wait_complt) for tls_dma_wait_complt
	wm_hostspi.o(.text.spi_block_read_dma.part.0.constprop.13) refers to wm_dma.o(.text.tls_dma_start) for tls_dma_start
	wm_hostspi.o(.text.spi_block_write_dma.part.1.constprop.14) refers to wm_dma.o(.text.tls_dma_start) for tls_dma_start
	wm_dma.o(.text.tls_dma_free) refers to wm_dma.o(.text.tls_dma_stop) for tls_dma_stop
	wm_hostspi.o(.text.spi_block_read_dma.part.0.constprop.13) refers to wm_dma.o(.text.tls_dma_request) for tls_dma_request
	wm_hostspi.o(.text.spi_block_write_dma.part.1.constprop.14) refers to wm_dma.o(.text.tls_dma_request) for tls_dma_request
	wm_hostspi.o(.text.spi_block_read_dma.part.0.constprop.13) refers to wm_dma.o(.text.tls_dma_free) for tls_dma_free
	wm_hostspi.o(.text.spi_block_write_dma.part.1.constprop.14) refers to wm_dma.o(.text.tls_dma_free) for tls_dma_free
[...]
	UART234_IRQHandler                 0x080024bc    w F        2  .text
	USART7816_IRQHandler               0x080024bc    w F        2  .text
	WDG_IRQHandler                     0x080024bc    w F        2  .text
	tspend_handler                     0x080024bc    w F        2  .text
	__ctzsi2                           0x080024c8      F       84  .text
	__fixunsdfsi                       0x08002520      F       56  .text
	__adddf3                           0x0800281c      F       48  .text
	__subdf3                           0x0800284c      F       56  .text
	__muldf3                           0x08002888      F      508  .text
	__gedf2                            0x08002a88      F       64  .text
	__fixdfsi                          0x08002ac8      F      112  .text
	__floatunsidf                      0x08002b38      F       86  .text
	__muldi3                           0x08002b90      F       74  .text
	__pack_d                           0x08002bdc      F      398  .text
	__unpack_d                         0x08002d6c      F      228  .text
	__fpcmp_parts_d                    0x08002e50      F      194  .text
	__GI_putchar                       0x08002f14      F       12  .text
	putchar                            0x08002f14    w F       12  .text
	__memcmp_fast                      0x08002f24    w F      330  .text
	memcmp                             0x08002f24    w F      330  .text
	__memcpy_fast                      0x08003070    w F      126  .text
	memcpy                             0x08003070    w F      126  .text
	__memset_fast                      0x080030f0    w F      160  .text
	memset                             0x080030f0    w F      160  .text
	__GI_strncmp                       0x08003190      F       36  .text
	strncmp                            0x08003190    w F       36  .text
	__GI_strncpy                       0x080031b4      F       44  .text
	strncpy                            0x080031b4    w F       44  .text
	__strlen_fast                      0x080031e0    w F       62  .text
	strlen                             0x080031e0    w F       62  .text
	__strcmp_fast                      0x08003220    w F      214  .text
	strcmp                             0x08003220    w F      214  .text
	__GI_putc                          0x080032f8      F        8  .text
	putc                               0x080032f8    w F        8  .text
	drv_pinmux_config                  0x08003300      F      520  .text
	drv_reboot                         0x08003508      F        8  .text
	drv_get_apb_freq                   0x08003510      F       26  .text
	SystemInit                         0x0800352c      F       50  .text
	trap_c                             0x08003568      F       96  .text
	target_get                         0x080035e0      F       82  .text
	target_usart_init                  0x08003634      F       22  .text
	target_get_lspi                    0x08003650      F       22  .text
	target_get_eflash                  0x0800366c      F       78  .text
	target_get_spiflash                0x080036c4      F       66  .text
	csi_eflash_initialize              0x0800370c      F       92  .text
	csi_eflash_read                    0x0800376c      F      128  .text
	csi_eflash_program                 0x080037f8      F      128  .text
	csi_eflash_erase_sector            0x08003884      F      116  .text
	csi_eflash_get_info                0x08003904      F        2  .text
	csi_sha_initialize                 0x08003908      F       24  .text
	csi_sha_uninitialize               0x08003924      F       16  .text
	csi_sha_config                     0x08003938      F       28  .text
	csi_sha_start                      0x08003960      F       30  .text
	csi_sha_update                     0x08003984      F       42  .text
	csi_sha_finish                     0x080039b4      F       26  .text
	csi_spi_initialize                 0x080039d4      F       68  .text
	csi_spiflash_initialize            0x08003a1c      F      138  .text
	csi_spiflash_read                  0x08003ab4      F       76  .text
	csi_spiflash_program               0x08003b08      F       76  .text
	csi_spiflash_erase_sector          0x08003b5c      F       54  .text
	csi_spiflash_get_info              0x08003b9c      F        8  .text
	uart0Init                          0x08003ba4      F       60  .text
	csi_usart_initialize               0x08003bec      F      208  .text
	csi_usart_config                   0x08003cd0      F      190  .text
	csi_usart_putchar                  0x08003d94      F       28  .text
	tls_sys_clk_get                    0x08003db4      F       44  .text
	tls_dma_wait_complt                0x08003de0      F       28  .text
	tls_dma_start                      0x08003dfc      F      114  .text
	tls_dma_stop                       0x08003e70      F       60  .text
	tls_dma_request                    0x08003eac      F       88  .text
	tls_dma_free                       0x08003f0c      F       98  .text
	tls_dma_init                       0x08003f74      F       18  .text
	tls_spifls_read                    0x08003f88      F       74  .text
	tls_spifls_page_write              0x08003fd8      F       96  .text
	tls_spifls_write                   0x0800403c      F      324  .text
	tls_spifls_erase                   0x08004184      F       48  .text
	tls_spifls_drv_register            0x080041b8      F       54  .text
	tls_spifls_probe                   0x080041f4      F      116  .text
	tls_spifls_init                    0x0800426c      F       52  .text
	tls_spifls_drv_install             0x080044a0      F       18  .text
	tls_gpio_cfg                       0x080044b8      F      158  .text
	wm_spi_ck_config                   0x08004564      F       20  .text
	wm_spi_cs_config                   0x08004578      F       24  .text
	wm_spi_di_config                   0x08004590      F       20  .text
	wm_spi_do_config                   0x080045a4      F       24  .text
	wm_uart0_tx_config                 0x080045bc      F       16  .text
	wm_uart0_rx_config                 0x080045cc      F       24  .text
	wm_uart1_tx_config                 0x080045e8      F       14  .text
	wm_uart1_rx_config                 0x080045f8      F       22  .text
	wm_uart1_rts_config                0x08004614      F       16  .text
	wm_uart1_cts_config                0x08004624      F       16  .text
	wm_uart2_tx_scio_config            0x08004634      F       14  .text
	wm_uart2_rx_config                 0x08004644      F       22  .text
	wm_uart2_rts_scclk_config          0x08004660      F       14  .text
	wm_uart2_cts_config                0x08004670      F       14  .text
	wm_uart3_tx_config                 0x08004680      F       14  .text
	wm_uart3_rx_config                 0x08004690      F       22  .text
	wm_uart4_tx_config                 0x080046ac      F       14  .text
	wm_uart4_rx_config                 0x080046bc      F       22  .text
	wm_i2s_ck_config                   0x080046d8      F       22  .text
	wm_i2s_ws_config                   0x080046f0      F       24  .text
	wm_i2s_do_config                   0x08004708      F       24  .text
	wm_i2s_di_config                   0x08004720      F       24  .text
	wm_i2s_mclk_config                 0x08004738      F       14  .text
	wm_i2s_extclk_config               0x08004748      F       14  .text
	wm_i2c_scl_config                  0x08004758      F       46  .text
	wm_i2c_sda_config                  0x08004788      F       46  .text
	wm_pwm1_config                     0x080047b8      F       26  .text
	wm_pwm2_config                     0x080047d4      F       26  .text
	wm_pwm3_config                     0x080047f0      F       24  .text
	wm_pwm4_config                     0x08004808      F       24  .text
	wm_pwm5_config                     0x08004820      F       24  .text
	wm_gpio_af_disable                 0x08004838      F       30  .text
	spi_fill_txfifo                    0x08004cbc      F      296  .text
	spi_get_rxfifo                     0x08004de8      F      290  .text
	tls_spi_trans_type                 0x08004fc4      F       60  .text
	tls_spi_init                       0x08005004      F      152  .text
	tls_spi_setup                      0x080050a0      F      124  .text
	tls_spi_write                      0x08005120      F      196  .text
	tls_spi_write_with_cmd             0x080051ec      F      136  .text
	tls_spi_read_with_cmd              0x0800527c      F      400  .text
	readRID                            0x080055b0      F       30  .text
	flashRead                          0x080055d0      F      176  .text
	tls_fls_sem_lock                   0x08005740      F        2  .text
	tls_fls_sem_unlock                 0x08005744      F        2  .text
	tls_fls_read                       0x08005748      F       50  .text
	tls_fls_write_without_erase        0x0800577c      F       10  .text
	tls_fls_erase                      0x08005788      F       34  .text
	tls_fls_init                       0x080057ac      F        4  .text
	tls_fls_sys_param_postion_init     0x080057b0      F       72  .text
	tls_io_cfg_set                     0x08005810      F      410  .text
	PWM_IRQHandler                     0x080059c4      F       48  .text
	tls_sys_reset                      0x08005a00      F       28  .text
	tls_crypto_sha1_init               0x08005ab0      F       30  .text
	tls_crypto_sha1_update             0x08005ae4      F       92  .text
	tls_crypto_sha1_final              0x08005b40      F      234  .text
	tls_crypto_exptmod                 0x08005c2c      F      620  .text
	target_get_rsa                     0x08005e98      F       26  .text
	mem_alloc_debug                    0x08005eb4      F       28  .text
	mem_free_debug                     0x08005ed0      F       24  .text
	tls_os_set_critical                0x08005ee8      F        4  .text
	tls_os_release_critical            0x08005eec      F        2  .text
	rsa_verify                         0x0800603c      F      290  .text
	csi_rsa_initialize                 0x0800616c      F       78  .text
	csi_rsa_uninitialize               0x080061c4      F       16  .text
	csi_rsa_config                     0x080061d8      F       72  .text
	csi_rsa_verify                     0x08006234      F      184  .text
	diff_bsp_flash_read                0x080062f0      F        8  .text
	diff_bsp_flash_write               0x080062f8      F        8  .text
	diff_bsp_flash_erase               0x08006300      F        8  .text
	diff_malloc                        0x08006308      F        8  .text
	diff_free                          0x08006310      F        8  .text
	malloc                             0x08006318    w F       14  .text
	free                               0x0800632c    w F       14  .text
	printf                             0x080065f4      F       32  .text
	mm_addfreechunk                    0x08006614      F       62  .text
	mm_free                            0x08006654      F      180  .text
	mm_addregion                       0x08006708      F       94  .text
	mm_initialize                      0x08006768      F       56  .text
	mm_heap_initialize                 0x080067a0      F       18  .text
	mm_mallinfo                        0x080067c0      F       78  .text
	mm_max_usedsize_update             0x08006810      F       44  .text
	mm_malloc                          0x0800684c      F      152  .text
	mm_size2ndx                        0x080068e8      F       28  .text
	boot_flash_info_get                0x08006904      F       52  .text
	boot_flash_read                    0x08006938      F       40  .text
	boot_flash_write                   0x08006960      F       40  .text
	boot_flash_erase                   0x08006988      F       36  .text
	boot_main                          0x080069ac      F      100  .text
	boot_is_no_needed_ota              0x08006a38    w F       50  .text
	update_path                        0x08006a7c      F      166  .text
	update_init                        0x08006b44      F      140  .text
	diff_init_config                   0x08006bf4      F       66  .text
	diff_updata_img                    0x08006c48      F       20  .text
	mtb_update_backup                  0x08006cc8      F      382  .text
	mtb_update_valid                   0x08006e5c      F      102  .text
	misc_reset                         0x08006fc4      F       28  .text
	misc_init                          0x08006fec      F       66  .text
	misc_file_check                    0x08007054      F      306  .text
	misc_next_imager                   0x080071d0      F       50  .text
	misc_get_imager_info               0x08007214      F       90  .text
	misc_get_scn_img_info              0x0800727c      F       12  .text
	misc_set_update_fd                 0x08007288      F      306  .text
	misc_update_path                   0x080073ec      F      564  .text
	misc_get_update_fd                 0x08007670      F      474  .text
	misc_get_app_version               0x0800788c      F       44  .text
	partition_init                     0x080078bc      F      314  .text
	partition_info_get                 0x08007a04      F       28  .text
	partition_open                     0x08007a24      F       88  .text
	partition_close                    0x08007a80      F       24  .text
	partition_verify                   0x08007a98      F       22  .text
	partition_all_verify               0x08007ab0      F      108  .text
	get_flashid_by_abs_addr            0x08007b20      F       50  .text
	part_flash_open                    0x08007b58      F        4  .text
	part_flash_close                   0x08007b5c      F        4  .text
	part_flash_info_get                0x08007b60      F        4  .text
	part_flash_write                   0x08007b64      F        4  .text
	part_flash_erase                   0x08007b68      F        4  .text
	part_flash_read                    0x08007b6c      F       14  .text
	partition_flash_register           0x08007b7c      F       48  .text
	partition_flash_register_default   0x08007bb8      F       26  .text
	partition_flash_open               0x08007be0      F       44  .text
	partition_flash_close              0x08007c10      F       36  .text
	partition_flash_info_get           0x08007c38      F       36  .text
	partition_flash_read               0x08007c60      F       44  .text
	partition_flash_write              0x08007c90      F       44  .text
	partition_flash_erase              0x08007cc0      F       38  .text
	get_length_with_digest_type        0x08007da4      F       18  .text
	get_length_with_signature_type     0x08007dbc      F       18  .text
	hash_calc_start                    0x08007dd4    w F      180  .text
	signature_verify_start             0x08007e9c    w F      306  .text
	crc32_calc_start                   0x08007ff4    w F       38  .text
	get_data_from_faddr                0x0800801c      F       16  .text
	mtb_init                           0x0800802c      F      306  .text
	mtb_image_verify                   0x080081a0      F       46  .text
	mtb_get_bmtb_size                  0x080081d8      F       18  .text
	mtb_get_partition_info             0x080081ec      F       84  .text
	mtb_get_img_info                   0x08008244      F       82  .text
	get_section_buf                    0x0800829c      F      136  .text
	get_sys_partition                  0x08008334      F      262  .text
	mtb_get                            0x08008460      F        4  .text
	get_section_addr                   0x080084cc      F      278  .text
	mtbv_get_part_info                 0x080085f8      F      224  .text
	mtbv_get_img_info                  0x080086f0      F      138  .text
	get_img_check_result               0x0800878c      F      166  .text
	mtbv_check_imginfo                 0x08008834      F      424  .text
	mtbv_init                          0x08008a20      F       60  .text
	mtbv_image_verify                  0x08008a60      F       18  .text
	mtbv4_partition_count              0x08008a74      F       12  .text
	mtbv4_get_partition_info           0x08008a80      F      144  .text
	mtbv4_init                         0x08008b10      F      146  .text
	mtbv4_get_partition_info_with_index0x08008bc0      F      118  .text
	mtbv4_crc_check                    0x08008c38      F       84  .text
	mtbv4_verify                       0x08008c98      F       16  .text
	mtbv4_image_verify                 0x08008cb0      F      382  .text
	crc32                              0x08008e68      F       36  .text
	sc_rsa_init                        0x08008e90      F       56  .text
	sc_rsa_uninit                      0x08008ec8      F       30  .text
	sc_rsa_verify                      0x08008ee8      F      116  .text
	sc_sha_init                        0x08008f5c      F       44  .text
	sc_sha_uninit                      0x08008f88      F       30  .text
	sc_sha_start                       0x08008fa8      F       80  .text
	sc_sha_update                      0x08008ff8      F       46  .text
	sc_sha_finish                      0x08009028      F       76  .text
	km_init                            0x08009074      F       28  .text
	get_data_from_addr                 0x08009094      F       16  .text
	km_pub_key_init                    0x080091b8      F      132  .text
	_init                              0x08009260    w F        2  .text
	_fini                              0x08009264    w F        2  .text
	km_get_pub_key_by_name             0x08009268      F       40  .text
	boot_load_and_jump                 0x08009298      F      144  .text
	boot_sys_reboot                    0x08009354      F        8  .text
	main                               0x0800935c      F       28  .text
	app_extflash_register              0x080094ac      F       12  .text
	os_realloc                         0x080094bc      F       48  .text
	mp_reverse                         0x080094ec      F       34  .text
	wpa_mp_init                        0x08009510      F       52  .text
	mp_clear                           0x08009544      F       46  .text
	mp_cmp_mag                         0x08009574      F       78  .text
	mp_cmp                             0x080095c4      F       48  .text
	mp_zero                            0x080095f4      F       30  .text
	mp_rshd                            0x08009614      F       86  .text
	mp_exch                            0x0800966c      F       32  .text
	mp_clamp                           0x0800968c      F       40  .text
	mp_grow                            0x080096b4      F       96  .text
	mp_add                             0x08009878      F       68  .text
	mp_sub                             0x080098bc      F       70  .text
	mp_copy                            0x080099f8      F       94  .text
	mp_init_copy                       0x08009a58      F       24  .text
	mp_abs                             0x08009a70      F       26  .text
	mp_set                             0x08009a8c      F       32  .text
	mp_init_multi                      0x08009aac      F       84  .text
	mp_clear_multi                     0x08009b00      F       40  .text
	mp_lshd                            0x08009b28      F      112  .text
	mp_mul_2d                          0x08009b98      F      168  .text
	mp_read_unsigned_bin               0x08009c40      F       88  .text
	mp_count_bits                      0x08009c98      F       44  .text
	mp_mod_2d                          0x08009cc4      F      132  .text
	mp_div_2d                          0x08009d48      F      206  .text
	mp_to_unsigned_bin_nr              0x08009e18      F       78  .text
	mp_div                             0x08009e68      F      350  .text
	mp_mod                             0x08009fc8      F       88  .text
	mp_2expt                           0x0800a020      F       54  .text
	mp_init_size                       0x0800a058      F       82  .text
	mp_mulmod                          0x0800a1bc      F       66  .text
	mp_init_for_read_unsigned_bin      0x0800a200      F       20  .text
	boot_flash_init                    0x0800a2b4      F       24  .text
	writeStatus1                       0x0800a2d4      F       74  .text
	switch_qflash_to_4line             0x0800a320      F      134  .text
	w800_board_init                    0x0800a3a8      F       24  .text
	board_init                         0x0800a3c4      F      152  .text
	fputc                              0x0800a460      F       42  .text
	pre_main                           0x0800a490    w F        8  .text
	lzo1z_decompress_safe              0x0800a498      F      960  .text
	_lzo_config_check                  0x0800a85c      F      426  .text
	__lzo_init_v2                      0x0800aa0c      F      178  .text
	bs_flash_erase                     0x0800aac0      F        8  .text
	bs_flash_write                     0x0800aac8      F        8  .text
	bs_flash_read                      0x0800aad0      F        8  .text
	decompress_init                    0x0800aad8      F       46  .text
	decompress_ram_need                0x0800ab08      F        8  .text
	decompress_fun                     0x0800ab10      F       66  .text
	memcpy_decide                      0x0800ab90      F       28  .text
	patch_fun                          0x0800abac      F      260  .text
	__diff_contrl_reset                0x0800acd4      F       80  .text
	__diff_contrl_init                 0x0800ad28      F       38  .text
	__diff_contrl_update               0x0800ad54      F      106  .text
	__diff_contrl_continue             0x0800adc4      F      160  .text
	consume_check                      0x0800b0d8      F      228  .text
	pat_config                         0x0800b1c4      F       68  .text
	pat_process                        0x0800b20c      F     1836  .text
	c2int32                            0x0800b938      F       22  .text
	c2int16                            0x0800b950      F       22  .text
	crc16                              0x0800b968      F       34  .text
	__etext                            0x0800b990               0  .text
	__srodata                          0x0800b990               0  .rodata
	__thenan_df                        0x0800b990      O       20  .rodata
	__clz_tab                          0x0800b9a4      O      256  .rodata
	sg_eflash_config                   0x0800badc      O       32  .rodata
	sg_spiflash_config                 0x0800bb0c      O       64  .rodata
	g_scn_img_type                     0x0800cef7      O        4  .rodata
	g_scn_key_type                     0x0800cefb      O        2  .rodata
	g_scn_part_type                    0x0800cefd      O        2  .rodata
	_DTYPE_DIFF_NOMAL                  0x0800dcbf      O        1  .rodata
	_DTYPE_DIFF_SERAIL                 0x0800dcc0      O        1  .rodata
	crc16_table                        0x0800dcc2      O      512  .rodata
	__erodata                          0x0800dec4               0  .rodata
	__Vectors                          0x20010000      O      256  .data
	__data_start__                     0x20010000               0  .data
	__sdata                            0x20010000               0  .data
	data_start                         0x20010000               0  .data
	stderr                             0x20010100      O        4  .data
	stdout                             0x20010120      O        4  .data
	stdin                              0x20010140      O        4  .data
	TLS_FLASH_END_ADDR                 0x200101a0      O        4  .data
	TLS_FLASH_OTA_FLAG_ADDR            0x200101a4      O        4  .data
	TLS_FLASH_PARAM1_ADDR              0x200101a8      O        4  .data
	TLS_FLASH_PARAM2_ADDR              0x200101ac      O        4  .data
	TLS_FLASH_PARAM_DEFAULT            0x200101b0      O        4  .data
	TLS_FLASH_PARAM_RESTORE_ADDR       0x200101b4      O        4  .data
	__data_end__                       0x200102d8               0  .data
	__edata                            0x200102d8               0  .data
	__start_cmd                        0x200102d8               0  .data
	__start_init_call                  0x200102d8               0  .data
	__stop_cmd                         0x200102d8               0  .data
	__stop_init_call                   0x200102d8               0  .data
	__bss_start__                      0x200102d8               0  .bss
	__sbss                             0x200102d8               0  .bss
	g_intstackalloc                    0x200102d8               0  .bss
	g_intstackbase                     0x200102d8               0  .bss
	g_top_irqstack                     0x200182d8               0  .bss
	g_trapstackalloc                   0x200182d8               0  .bss
	g_trapstackbase                    0x200182d8               0  .bss
	g_top_trapstack                    0x200184d8               0  .bss
	g_trap_sp                          0x200184d8      O        4  .bss
	g_km_init                          0x20018c60      O        4  .bss
	trap_c_callback                    0x200196f4      O        4  .bss
	g_mmheap                           0x200196f8      O      328  .bss
	g_upd_mtb                          0x20019840      O        4  .bss
	g_ctrl_block                       0x20019844      O       12  .bss
	g_config_bsp_para                  0x20019850      O       20  .bss
	__bss_end__                        0x20019864               0  .bss
	__ebss                             0x20019864               0  .bss
	__end                              0x20019864               0  .bss
	end                                0x20019864               0  .bss
	__heap_start                       0x20019864               0  ._user_heap
	__heap_end                         0x20040000               0  *ABS*

	(w:Weak    d:Deubg    F:Function    f:File name    O:Zero)


======================================================================

Memory Map of the image

    Image Entry point : 0x08002414

    Region I-SRAM (Base: 0x08002400, Size: 0x0000bd9c, Max: 0x0000cc00)

    Base Addr    Size         Type   Attr      Idx   Section Name       Object
    0x08002400   0x00000078   Code   RO        190  .text          	startup.o
    0x08002478   0x00000050   Code   RO        196  .text          	vectors.o
    0x080024c8   0x00000058   Code   RO       3548  .text          	_ctzsi2.o
    0x08002520   0x00000038   Code   RO       3554  .text          	_fixunsdfsi.o
    0x08002558   0x00000330   Code   RO       3561  .text          	_addsub_df.o
    0x08002888   0x00000200   Code   RO       3568  .text          	_mul_df.o
    0x08002a88   0x00000040   Code   RO       3582  .text          	_ge_df.o
    0x08002ac8   0x00000070   Code   RO       3596  .text          	_df_to_si.o
    0x08002b38   0x00000056   Code   RO       3610  .text          	_usi_to_df.o
    0x08002b8e   0x00000002   PAD
    0x08002b90   0x0000004a   Code   RO       3617  .text          	_muldi3.o
    0x08002bda   0x00000002   PAD
    0x08002bdc   0x0000018e   Code   RO       3631  .text          	_pack_df.o
    0x08002d6a   0x00000002   PAD
    0x08002d6c   0x000000e4   Code   RO       3638  .text          	_unpack_df.o
    0x08002e50   0x000000c2   Code   RO       3645  .text          	_fpcmp_parts_df.o
    0x08002f12   0x00000002   PAD
    0x08002f14   0x00000010   Code   RO       3686  .text          	putchar.o
    0x08002f24   0x0000014a   Code   RO       3718  .text          	memcmp_fast.o
    0x0800306e   0x00000002   PAD
    0x08003070   0x0000007e   Code   RO       3729  .text          	memcpy_fast.o
    0x080030ee   0x00000002   PAD
    0x080030f0   0x000000a0   Code   RO       3735  .text          	memset_fast.o
    0x08003190   0x00000024   Code   RO       3746  .text          	strncmp.o
    0x080031b4   0x0000002c   Code   RO       3752  .text          	strncpy.o
    0x080031e0   0x0000003e   Code   RO       3757  .text          	strlen_fast.o
    0x0800321e   0x00000002   PAD
    0x08003220   0x000000d6   Code   RO       3762  .text          	strcmp_fast.o
    0x080032f6   0x00000002   PAD
    0x080032f8   0x00000008   Code   RO       4020  .text          	putc.o
    0x08003300   0x00000208   Code   RO        106  .text.drv_pinmux_config	pinmux.o
    0x08003508   0x00000008   Code   RO        123  .text.drv_reboot	reboot.o
    0x08003510   0x0000001a   Code   RO        140  .text.drv_get_apb_freq	sys_freq.o
    0x0800352a   0x00000002   PAD
    0x0800352c   0x0000003c   Code   RO        159  .text.SystemInit	system.o
    0x08003568   0x00000078   Code   RO        175  .text.trap_c   	trap_c.o
    0x080035e0   0x00000052   Code   RO        294  .text.target_get	devices.o
    0x08003632   0x00000002   PAD
    0x08003634   0x0000001c   Code   RO        295  .text.target_usart_init	devices.o
    0x08003650   0x0000001c   Code   RO        300  .text.target_get_lspi	devices.o
    0x0800366c   0x00000058   Code   RO        304  .text.target_get_eflash	devices.o
    0x080036c4   0x00000048   Code   RO        305  .text.target_get_spiflash	devices.o
    0x0800370c   0x00000060   Code   RO        334  .text.csi_eflash_initialize	eflash.o
    0x0800376c   0x0000008c   Code   RO        337  .text.csi_eflash_read	eflash.o
    0x080037f8   0x0000008c   Code   RO        338  .text.csi_eflash_program	eflash.o
    0x08003884   0x00000080   Code   RO        339  .text.csi_eflash_erase_sector	eflash.o
    0x08003904   0x00000002   Code   RO        341  .text.csi_eflash_get_info	eflash.o
    0x08003906   0x00000002   PAD
    0x08003908   0x0000001c   Code   RO        623  .text.csi_sha_initialize	sha.o
    0x08003924   0x00000014   Code   RO        624  .text.csi_sha_uninitialize	sha.o
    0x08003938   0x00000028   Code   RO        627  .text.csi_sha_config	sha.o
    0x08003960   0x00000024   Code   RO        628  .text.csi_sha_start	sha.o
    0x08003984   0x00000030   Code   RO        629  .text.csi_sha_update	sha.o
    0x080039b4   0x00000020   Code   RO        630  .text.csi_sha_finish	sha.o
    0x080039d4   0x00000048   Code   RO        649  .text.csi_spi_initialize	spi.o
    0x08003a1c   0x00000098   Code   RO        677  .text.csi_spiflash_initialize	spiflash.o
    0x08003ab4   0x00000054   Code   RO        681  .text.csi_spiflash_read	spiflash.o
    0x08003b08   0x00000054   Code   RO        682  .text.csi_spiflash_program	spiflash.o
    0x08003b5c   0x00000040   Code   RO        683  .text.csi_spiflash_erase_sector	spiflash.o
    0x08003b9c   0x00000008   Code   RO        687  .text.csi_spiflash_get_info	spiflash.o
    0x08003ba4   0x00000048   Code   RO        760  .text.uart0Init	uart.o
    0x08003bec   0x000000e4   Code   RO        762  .text.csi_usart_initialize	uart.o
    0x08003cd0   0x000000c4   Code   RO        764  .text.csi_usart_config	uart.o
    0x08003d94   0x00000020   Code   RO        771  .text.csi_usart_putchar	uart.o
    0x08003db4   0x0000002c   Code   RO        869  .text.tls_sys_clk_get	wm_cpu.o
    0x08003de0   0x0000001c   Code   RO        892  .text.tls_dma_wait_complt	wm_dma.o
    0x08003dfc   0x00000072   Code   RO        894  .text.tls_dma_start	wm_dma.o
    0x08003e6e   0x00000002   PAD
    0x08003e70   0x0000003c   Code   RO        895  .text.tls_dma_stop	wm_dma.o
    0x08003eac   0x00000060   Code   RO        896  .text.tls_dma_request	wm_dma.o
    0x08003f0c   0x00000068   Code   RO        897  .text.tls_dma_free	wm_dma.o
    0x08003f74   0x00000012   Code   RO        898  .text.tls_dma_init	wm_dma.o
    0x08003f86   0x00000002   PAD
    0x08003f88   0x00000050   Code   RO        958  .text.tls_spifls_read	wm_fls.o
    0x08003fd8   0x00000064   Code   RO        960  .text.tls_spifls_page_write	wm_fls.o
    0x0800403c   0x00000148   Code   RO        961  .text.tls_spifls_write	wm_fls.o
    0x08004184   0x00000034   Code   RO        962  .text.tls_spifls_erase	wm_fls.o
    0x080041b8   0x0000003c   Code   RO        966  .text.tls_spifls_drv_register	wm_fls.o
    0x080041f4   0x00000078   Code   RO        968  .text.tls_spifls_probe	wm_fls.o
    0x0800426c   0x00000038   Code   RO        969  .text.tls_spifls_init	wm_fls.o
    0x080042a4   0x00000004   Code   RO        987  .text.swap32   	wm_fls_gd25qxx.o
    0x080042a8   0x00000004   Code   RO        988  .text.tls_spifls_drv_fast_read	wm_fls_gd25qxx.o
    0x080042ac   0x0000000c   Code   RO        989  .text.tls_spifls_drv_remove	wm_fls_gd25qxx.o
    0x080042b8   0x00000020   Code   RO        990  .text.tls_spifls_drv_write_enable	wm_fls_gd25qxx.o
    0x080042d8   0x00000038   Code   RO        991  .text.tls_spifls_drv_wait_write_enable	wm_fls_gd25qxx.o
    0x08004310   0x00000038   Code   RO        992  .text.tls_spifls_drv_wait_flash_ready	wm_fls_gd25qxx.o
    0x08004348   0x00000030   Code   RO        993  .text.tls_spifls_drv_read	wm_fls_gd25qxx.o
    0x08004378   0x00000044   Code   RO        994  .text.tls_spifls_drv_probe	wm_fls_gd25qxx.o
    0x080043bc   0x0000003a   Code   RO        995  .text.tls_spifls_drv_chip_erase	wm_fls_gd25qxx.o
    0x080043f6   0x00000002   PAD
    0x080043f8   0x00000058   Code   RO        996  .text.tls_spifls_drv_page_write	wm_fls_gd25qxx.o
    0x08004450   0x00000050   Code   RO        997  .text.tls_spifls_drv_erase	wm_fls_gd25qxx.o
    0x080044a0   0x00000018   Code   RO        998  .text.tls_spifls_drv_install	wm_fls_gd25qxx.o
    0x080044b8   0x000000ac   Code   RO       1018  .text.tls_gpio_cfg	wm_gpio.o
    0x08004564   0x00000014   Code   RO       1046  .text.wm_spi_ck_config	wm_gpio_afsel.o
    0x08004578   0x00000018   Code   RO       1047  .text.wm_spi_cs_config	wm_gpio_afsel.o
    0x08004590   0x00000014   Code   RO       1048  .text.wm_spi_di_config	wm_gpio_afsel.o
    0x080045a4   0x00000018   Code   RO       1049  .text.wm_spi_do_config	wm_gpio_afsel.o
    0x080045bc   0x00000010   Code   RO       1050  .text.wm_uart0_tx_config	wm_gpio_afsel.o
    0x080045cc   0x0000001c   Code   RO       1051  .text.wm_uart0_rx_config	wm_gpio_afsel.o
    0x080045e8   0x0000000e   Code   RO       1052  .text.wm_uart1_tx_config	wm_gpio_afsel.o
    0x080045f6   0x00000002   PAD
    0x080045f8   0x0000001c   Code   RO       1053  .text.wm_uart1_rx_config	wm_gpio_afsel.o
    0x08004614   0x00000010   Code   RO       1054  .text.wm_uart1_rts_config	wm_gpio_afsel.o
    0x08004624   0x00000010   Code   RO       1055  .text.wm_uart1_cts_config	wm_gpio_afsel.o
    0x08004634   0x0000000e   Code   RO       1056  .text.wm_uart2_tx_scio_config	wm_gpio_afsel.o
    0x08004642   0x00000002   PAD
    0x08004644   0x0000001c   Code   RO       1057  .text.wm_uart2_rx_config	wm_gpio_afsel.o
    0x08004660   0x0000000e   Code   RO       1058  .text.wm_uart2_rts_scclk_config	wm_gpio_afsel.o
    0x0800466e   0x00000002   PAD
    0x08004670   0x0000000e   Code   RO       1059  .text.wm_uart2_cts_config	wm_gpio_afsel.o
    0x0800467e   0x00000002   PAD
    0x08004680   0x0000000e   Code   RO       1060  .text.wm_uart3_tx_config	wm_gpio_afsel.o
    0x0800468e   0x00000002   PAD
    0x08004690   0x0000001c   Code   RO       1061  .text.wm_uart3_rx_config	wm_gpio_afsel.o
    0x080046ac   0x0000000e   Code   RO       1062  .text.wm_uart4_tx_config	wm_gpio_afsel.o
    0x080046ba   0x00000002   PAD
    0x080046bc   0x0000001c   Code   RO       1063  .text.wm_uart4_rx_config	wm_gpio_afsel.o
    0x080046d8   0x00000016   Code   RO       1064  .text.wm_i2s_ck_config	wm_gpio_afsel.o
    0x080046ee   0x00000002   PAD
    0x080046f0   0x00000018   Code   RO       1065  .text.wm_i2s_ws_config	wm_gpio_afsel.o
    0x08004708   0x00000018   Code   RO       1066  .text.wm_i2s_do_config	wm_gpio_afsel.o
    0x08004720   0x00000018   Code   RO       1067  .text.wm_i2s_di_config	wm_gpio_afsel.o
    0x08004738   0x0000000e   Code   RO       1068  .text.wm_i2s_mclk_config	wm_gpio_afsel.o
    0x08004746   0x00000002   PAD
    0x08004748   0x0000000e   Code   RO       1069  .text.wm_i2s_extclk_config	wm_gpio_afsel.o
    0x08004756   0x00000002   PAD
    0x08004758   0x0000002e   Code   RO       1070  .text.wm_i2c_scl_config	wm_gpio_afsel.o
    0x08004786   0x00000002   PAD
    0x08004788   0x0000002e   Code   RO       1071  .text.wm_i2c_sda_config	wm_gpio_afsel.o
    0x080047b6   0x00000002   PAD
    0x080047b8   0x0000001a   Code   RO       1072  .text.wm_pwm1_config	wm_gpio_afsel.o
    0x080047d2   0x00000002   PAD
    0x080047d4   0x0000001a   Code   RO       1073  .text.wm_pwm2_config	wm_gpio_afsel.o
    0x080047ee   0x00000002   PAD
    0x080047f0   0x00000018   Code   RO       1074  .text.wm_pwm3_config	wm_gpio_afsel.o
    0x08004808   0x00000018   Code   RO       1075  .text.wm_pwm4_config	wm_gpio_afsel.o
    0x08004820   0x00000018   Code   RO       1076  .text.wm_pwm5_config	wm_gpio_afsel.o
    0x08004838   0x00000028   Code   RO       1080  .text.wm_gpio_af_disable	wm_gpio_afsel.o
    0x08004860   0x00000042   Code   RO       1096  .text.spi_set_mode	wm_hostspi.o
    0x080048a2   0x00000002   PAD
    0x080048a4   0x0000001c   Code   RO       1097  .text.spi_set_chipselect_mode	wm_hostspi.o
    0x080048c0   0x0000001e   Code   RO       1098  .text.spi_set_sclk_length	wm_hostspi.o
    0x080048de   0x00000002   PAD
    0x080048e0   0x00000010   Code   RO       1099  .text.spi_sclk_start	wm_hostspi.o
    0x080048f0   0x0000000e   Code   RO       1100  .text.spi_i2s_get_busy_status	wm_hostspi.o
    0x080048fe   0x00000002   PAD
    0x08004900   0x00000010   Code   RO       1101  .text.spi_clear_int_status	wm_hostspi.o
    0x08004910   0x00000024   Code   RO       1102  .text.spi_wait_idle	wm_hostspi.o
    0x08004934   0x00000036   Code   RO       1103  .text.spi_set_sclk	wm_hostspi.o
    0x0800496a   0x00000002   PAD
    0x0800496c   0x0000004c   Code   RO       1104  .text.spi_dma_init	wm_hostspi.o
    0x080049b8   0x000001c0   Code   RO       1105  .text.spi_block_read_dma.part.0.constprop.13	wm_hostspi.o
    0x08004b78   0x00000144   Code   RO       1106  .text.spi_block_write_dma.part.1.constprop.14	wm_hostspi.o
    0x08004cbc   0x0000012c   Code   RO       1107  .text.spi_fill_txfifo	wm_hostspi.o
    0x08004de8   0x00000128   Code   RO       1108  .text.spi_get_rxfifo	wm_hostspi.o
    0x08004f10   0x000000b4   Code   RO       1109  .text.tls_spi_tx	wm_hostspi.o
    0x08004fc4   0x00000040   Code   RO       1112  .text.tls_spi_trans_type	wm_hostspi.o
    0x08005004   0x0000009c   Code   RO       1113  .text.tls_spi_init	wm_hostspi.o
    0x080050a0   0x00000080   Code   RO       1114  .text.tls_spi_setup	wm_hostspi.o
    0x08005120   0x000000cc   Code   RO       1116  .text.tls_spi_write	wm_hostspi.o
    0x080051ec   0x00000090   Code   RO       1117  .text.tls_spi_write_with_cmd	wm_hostspi.o
    0x0800527c   0x00000198   Code   RO       1118  .text.tls_spi_read_with_cmd	wm_hostspi.o
    0x08005414   0x00000036   Code   RO       1221  .text.getFlashDensity	wm_internal_fls.o
    0x0800544a   0x00000002   PAD
    0x0800544c   0x00000100   Code   RO       1222  .text.__innerreadbycmd	wm_internal_fls.o
    0x0800554c   0x0000003c   Code   RO       1223  .text.programSR.constprop.2	wm_internal_fls.o
    0x08005588   0x00000028   Code   RO       1224  .text.eraseSector	wm_internal_fls.o
    0x080055b0   0x0000001e   Code   RO       1226  .text.readRID  	wm_internal_fls.o
    0x080055ce   0x00000002   PAD
    0x080055d0   0x000000b0   Code   RO       1231  .text.flashRead	wm_internal_fls.o
    0x08005680   0x000000be   Code   RO       1232  .text.__tls_fls_write	wm_internal_fls.o
    0x0800573e   0x00000002   PAD
    0x08005740   0x00000002   Code   RO       1235  .text.tls_fls_sem_lock	wm_internal_fls.o
    0x08005742   0x00000002   PAD
    0x08005744   0x00000002   Code   RO       1236  .text.tls_fls_sem_unlock	wm_internal_fls.o
    0x08005746   0x00000002   PAD
    0x08005748   0x00000032   Code   RO       1237  .text.tls_fls_read	wm_internal_fls.o
    0x0800577a   0x00000002   PAD
    0x0800577c   0x0000000a   Code   RO       1240  .text.tls_fls_write_without_erase	wm_internal_fls.o
    0x08005786   0x00000002   PAD
    0x08005788   0x00000022   Code   RO       1241  .text.tls_fls_erase	wm_internal_fls.o
    0x080057aa   0x00000002   PAD
    0x080057ac   0x00000004   Code   RO       1248  .text.tls_fls_init	wm_internal_fls.o
    0x080057b0   0x00000060   Code   RO       1250  .text.tls_fls_sys_param_postion_init	wm_internal_fls.o
    0x08005810   0x000001b4   Code   RO       1274  .text.tls_io_cfg_set	wm_io.o
    0x080059c4   0x0000003c   Code   RO       1347  .text.PWM_IRQHandler	wm_pwm.o
    0x08005a00   0x00000024   Code   RO       1441  .text.tls_sys_reset	wm_watchdog.o
    0x08005a24   0x00000054   Code   RO       1459  .text.hd_sha1_compress	wm_crypto_hard.o
    0x08005a78   0x0000001c   Code   RO       1461  .text.rsaMonMulAB	wm_crypto_hard.o
    0x08005a94   0x0000001c   Code   RO       1462  .text.rsaMonMulBD	wm_crypto_hard.o
    0x08005ab0   0x00000034   Code   RO       1482  .text.tls_crypto_sha1_init	wm_crypto_hard.o
    0x08005ae4   0x0000005c   Code   RO       1483  .text.tls_crypto_sha1_update	wm_crypto_hard.o
    0x08005b40   0x000000ea   Code   RO       1484  .text.tls_crypto_sha1_final	wm_crypto_hard.o
    0x08005c2a   0x00000002   PAD
    0x08005c2c   0x0000026c   Code   RO       1488  .text.tls_crypto_exptmod	wm_crypto_hard.o
    0x08005e98   0x0000001a   Code   RO       1490  .text.target_get_rsa	wm_crypto_hard.o
    0x08005eb2   0x00000002   PAD
    0x08005eb4   0x0000001c   Code   RO       1595  .text.mem_alloc_debug	wm_mem.o
    0x08005ed0   0x00000018   Code   RO       1596  .text.mem_free_debug	wm_mem.o
    0x08005ee8   0x00000004   Code   RO       1717  .text.tls_os_set_critical	wm_osal.o
    0x08005eec   0x00000002   Code   RO       1718  .text.tls_os_release_critical	wm_osal.o
    0x08005eee   0x00000002   PAD
    0x08005ef0   0x00000042   Code   RO       1738  .text.convert_byte_array	wm_rsa.o
    0x08005f32   0x00000002   PAD
    0x08005f34   0x0000001e   Code   RO       1739  .text.convert_buf_to_bndata	wm_rsa.o
    0x08005f52   0x00000002   PAD
    0x08005f54   0x000000e6   Code   RO       1740  .text.rsa_exptmod.part.4	wm_rsa.o
    0x0800603a   0x00000002   PAD
    0x0800603c   0x00000130   Code   RO       1744  .text.rsa_verify	wm_rsa.o
    0x0800616c   0x00000058   Code   RO       1746  .text.csi_rsa_initialize	wm_rsa.o
    0x080061c4   0x00000014   Code   RO       1747  .text.csi_rsa_uninitialize	wm_rsa.o
    0x080061d8   0x0000005c   Code   RO       1750  .text.csi_rsa_config	wm_rsa.o
    0x08006234   0x000000bc   Code   RO       1754  .text.csi_rsa_verify	wm_rsa.o
    0x080062f0   0x00000008   Code   RO       1778  .text.diff_bsp_flash_read	diff_port.o
    0x080062f8   0x00000008   Code   RO       1779  .text.diff_bsp_flash_write	diff_port.o
    0x08006300   0x00000008   Code   RO       1780  .text.diff_bsp_flash_erase	diff_port.o
    0x08006308   0x00000008   Code   RO       1781  .text.diff_malloc	diff_port.o
    0x08006310   0x00000008   Code   RO       1782  .text.diff_free	diff_port.o
    0x08006318   0x00000014   Code   RO       1798  .text.malloc   	malloc.o
    0x0800632c   0x00000014   Code   RO       1799  .text.free     	malloc.o
    0x08006340   0x00000018   Code   RO       1825  .text.printchar	printf.o
    0x08006358   0x0000008e   Code   RO       1826  .text.prints   	printf.o
    0x080063e6   0x00000002   PAD
    0x080063e8   0x000000ae   Code   RO       1827  .text.printi   	printf.o
    0x08006496   0x00000002   PAD
    0x08006498   0x0000015c   Code   RO       1828  .text.print    	printf.o
    0x080065f4   0x00000020   Code   RO       1829  .text.printf   	printf.o
    0x08006614   0x0000003e   Code   RO       1892  .text.mm_addfreechunk	mm_addfreechunk.o
    0x08006652   0x00000002   PAD
    0x08006654   0x000000b4   Code   RO       1908  .text.mm_free  	mm_free.o
    0x08006708   0x0000005e   Code   RO       1924  .text.mm_addregion	mm_initialize.o
    0x08006766   0x00000002   PAD
    0x08006768   0x00000038   Code   RO       1925  .text.mm_initialize	mm_initialize.o
    0x080067a0   0x00000020   Code   RO       1926  .text.mm_heap_initialize	mm_initialize.o
    0x080067c0   0x0000004e   Code   RO       1985  .text.mm_mallinfo	mm_mallinfo.o
    0x0800680e   0x00000002   PAD
    0x08006810   0x0000003c   Code   RO       1986  .text.mm_max_usedsize_update	mm_mallinfo.o
    0x0800684c   0x0000009c   Code   RO       2005  .text.mm_malloc	mm_malloc.o
    0x080068e8   0x0000001c   Code   RO       2022  .text.mm_size2ndx	mm_size2ndx.o
    0x08006904   0x00000034   Code   RO       2037  .text.boot_flash_info_get	boot_flash_porting.o
    0x08006938   0x00000028   Code   RO       2038  .text.boot_flash_read	boot_flash_porting.o
    0x08006960   0x00000028   Code   RO       2039  .text.boot_flash_write	boot_flash_porting.o
    0x08006988   0x00000024   Code   RO       2040  .text.boot_flash_erase	boot_flash_porting.o
    0x080069ac   0x0000008c   Code   RO       2056  .text.boot_main	boot_main.o
    0x08006a38   0x00000044   Code   RO       2075  .text.boot_is_no_needed_ota	boot_virtual.o
    0x08006a7c   0x000000c8   Code   RO       2094  .text.update_path	update_core.o
    0x08006b44   0x000000b0   Code   RO       2095  .text.update_init	update_core.o
    0x08006bf4   0x00000054   Code   RO       2113  .text.diff_init_config	update_diff.o
    0x08006c48   0x00000014   Code   RO       2114  .text.diff_updata_img	update_diff.o
    0x08006c5c   0x0000006c   Code   RO       2132  .text.program_manifest_tb	update_mtb.o
    0x08006cc8   0x00000194   Code   RO       2136  .text.mtb_update_backup	update_mtb.o
    0x08006e5c   0x00000078   Code   RO       2137  .text.mtb_update_valid	update_mtb.o
    0x08006ed4   0x0000002c   Code   RO       2156  .text.misc_first_fd	update_misc_man.o
    0x08006f00   0x000000c4   Code   RO       2157  .text.update_image	update_misc_man.o
    0x08006fc4   0x00000028   Code   RO       2158  .text.misc_reset	update_misc_man.o
    0x08006fec   0x00000068   Code   RO       2159  .text.misc_init	update_misc_man.o
    0x08007054   0x0000017c   Code   RO       2160  .text.misc_file_check	update_misc_man.o
    0x080071d0   0x00000044   Code   RO       2161  .text.misc_next_imager	update_misc_man.o
    0x08007214   0x00000068   Code   RO       2162  .text.misc_get_imager_info	update_misc_man.o
    0x0800727c   0x0000000c   Code   RO       2163  .text.misc_get_scn_img_info	update_misc_man.o
    0x08007288   0x00000164   Code   RO       2164  .text.misc_set_update_fd	update_misc_man.o
    0x080073ec   0x00000284   Code   RO       2165  .text.misc_update_path	update_misc_man.o
    0x08007670   0x0000021c   Code   RO       2166  .text.misc_get_update_fd	update_misc_man.o
    0x0800788c   0x00000030   Code   RO       2167  .text.misc_get_app_version	update_misc_man.o
    0x080078bc   0x00000148   Code   RO       2198  .text.partition_init	partition.o
    0x08007a04   0x00000020   Code   RO       2199  .text.partition_info_get	partition.o
    0x08007a24   0x0000005c   Code   RO       2200  .text.partition_open	partition.o
    0x08007a80   0x00000018   Code   RO       2201  .text.partition_close	partition.o
    0x08007a98   0x00000016   Code   RO       2207  .text.partition_verify	partition.o
    0x08007aae   0x00000002   PAD
    0x08007ab0   0x00000070   Code   RO       2208  .text.partition_all_verify	partition.o
    0x08007b20   0x00000038   Code   RO       2210  .text.get_flashid_by_abs_addr	partition.o
    0x08007b58   0x00000004   Code   RO       2232  .text.part_flash_open	partition_flash.o
    0x08007b5c   0x00000004   Code   RO       2233  .text.part_flash_close	partition_flash.o
    0x08007b60   0x00000004   Code   RO       2234  .text.part_flash_info_get	partition_flash.o
    0x08007b64   0x00000004   Code   RO       2235  .text.part_flash_write	partition_flash.o
    0x08007b68   0x00000004   Code   RO       2236  .text.part_flash_erase	partition_flash.o
    0x08007b6c   0x0000000e   Code   RO       2237  .text.part_flash_read	partition_flash.o
    0x08007b7a   0x00000002   PAD
    0x08007b7c   0x0000003c   Code   RO       2238  .text.partition_flash_register	partition_flash.o
    0x08007bb8   0x00000028   Code   RO       2239  .text.partition_flash_register_default	partition_flash.o
    0x08007be0   0x00000030   Code   RO       2240  .text.partition_flash_open	partition_flash.o
    0x08007c10   0x00000028   Code   RO       2241  .text.partition_flash_close	partition_flash.o
    0x08007c38   0x00000028   Code   RO       2242  .text.partition_flash_info_get	partition_flash.o
    0x08007c60   0x00000030   Code   RO       2243  .text.partition_flash_read	partition_flash.o
    0x08007c90   0x00000030   Code   RO       2244  .text.partition_flash_write	partition_flash.o
    0x08007cc0   0x0000002c   Code   RO       2245  .text.partition_flash_erase	partition_flash.o
    0x08007cec   0x0000000a   Code   RO       2264  .text.copy_data	verify.o
    0x08007cf6   0x00000002   PAD
    0x08007cf8   0x000000aa   Code   RO       2265  .text.hash_update	verify.o
    0x08007da2   0x00000002   PAD
    0x08007da4   0x00000018   Code   RO       2266  .text.get_length_with_digest_type	verify.o
    0x08007dbc   0x00000018   Code   RO       2267  .text.get_length_with_signature_type	verify.o
    0x08007dd4   0x000000c8   Code   RO       2268  .text.hash_calc_start	verify.o
    0x08007e9c   0x00000158   Code   RO       2269  .text.signature_verify_start	verify.o
    0x08007ff4   0x00000026   Code   RO       2270  .text.crc32_calc_start	verify.o
    0x0800801a   0x00000002   PAD
    0x0800801c   0x00000010   Code   RO       2294  .text.get_data_from_faddr	mtb.o
    0x0800802c   0x00000174   Code   RO       2295  .text.mtb_init 	mtb.o
    0x080081a0   0x00000038   Code   RO       2297  .text.mtb_image_verify	mtb.o
    0x080081d8   0x00000012   Code   RO       2298  .text.mtb_get_bmtb_size	mtb.o
    0x080081ea   0x00000002   PAD
    0x080081ec   0x00000058   Code   RO       2300  .text.mtb_get_partition_info	mtb.o
    0x08008244   0x00000058   Code   RO       2301  .text.mtb_get_img_info	mtb.o
    0x0800829c   0x00000098   Code   RO       2302  .text.get_section_buf	mtb.o
    0x08008334   0x0000012c   Code   RO       2304  .text.get_sys_partition	mtb.o
    0x08008460   0x00000008   Code   RO       2306  .text.mtb_get  	mtb.o
    0x08008468   0x0000000a   Code   RO       2331  .text.mtb_version	mtbv.o
    0x08008472   0x00000002   PAD
    0x08008474   0x00000058   Code   RO       2332  .text.get_scn_offset.isra.0	mtbv.o
    0x080084cc   0x0000012c   Code   RO       2334  .text.get_section_addr	mtbv.o
    0x080085f8   0x000000f8   Code   RO       2335  .text.mtbv_get_part_info	mtbv.o
    0x080086f0   0x0000009c   Code   RO       2336  .text.mtbv_get_img_info	mtbv.o
    0x0800878c   0x000000a6   Code   RO       2337  .text.get_img_check_result	mtbv.o
    0x08008832   0x00000002   PAD
    0x08008834   0x000001ec   Code   RO       2338  .text.mtbv_check_imginfo	mtbv.o
    0x08008a20   0x00000040   Code   RO       2339  .text.mtbv_init	mtbv.o
    0x08008a60   0x00000012   Code   RO       2340  .text.mtbv_image_verify	mtbv.o
    0x08008a72   0x00000002   PAD
    0x08008a74   0x0000000c   Code   RO       2380  .text.mtbv4_partition_count	mtbv4.o
    0x08008a80   0x00000090   Code   RO       2381  .text.mtbv4_get_partition_info	mtbv4.o
    0x08008b10   0x000000b0   Code   RO       2382  .text.mtbv4_init	mtbv4.o
    0x08008bc0   0x00000076   Code   RO       2383  .text.mtbv4_get_partition_info_with_index	mtbv4.o
    0x08008c36   0x00000002   PAD
    0x08008c38   0x00000060   Code   RO       2384  .text.mtbv4_crc_check	mtbv4.o
    0x08008c98   0x00000018   Code   RO       2385  .text.mtbv4_verify	mtbv4.o
    0x08008cb0   0x000001b8   Code   RO       2386  .text.mtbv4_image_verify	mtbv4.o
    0x08008e68   0x00000028   Code   RO       2410  .text.crc32    	crc32.o
    0x08008e90   0x00000038   Code   RO       2635  .text.sc_rsa_init	sec_mcu_rsa.o
    0x08008ec8   0x0000001e   Code   RO       2636  .text.sc_rsa_uninit	sec_mcu_rsa.o
    0x08008ee6   0x00000002   PAD
    0x08008ee8   0x00000074   Code   RO       2643  .text.sc_rsa_verify	sec_mcu_rsa.o
    0x08008f5c   0x0000002c   Code   RO       2667  .text.sc_sha_init	sec_mcu_sha.o
    0x08008f88   0x0000001e   Code   RO       2668  .text.sc_sha_uninit	sec_mcu_sha.o
    0x08008fa6   0x00000002   PAD
    0x08008fa8   0x00000050   Code   RO       2671  .text.sc_sha_start	sec_mcu_sha.o
    0x08008ff8   0x0000002e   Code   RO       2672  .text.sc_sha_update	sec_mcu_sha.o
    0x08009026   0x00000002   PAD
    0x08009028   0x0000004c   Code   RO       2674  .text.sc_sha_finish	sec_mcu_sha.o
    0x08009074   0x00000020   Code   RO       2690  .text.km_init  	key_mgr.o
    0x08009094   0x00000010   Code   RO       2740  .text.get_data_from_addr	key_mgr_port.o
    0x080090a4   0x00000114   Code   RO       2756  .text.pkey_part_init	key_mgr_pub_key.o
    0x080091b8   0x000000a8   Code   RO       2759  .text.km_pub_key_init	key_mgr_pub_key.o
    0x08009260   0x00000002   Code   RO       2917  .text._init    	_init.o
    0x08009262   0x00000002   PAD
    0x08009264   0x00000002   Code   RO       2918  .text._fini    	_init.o
    0x08009266   0x00000002   PAD
    0x08009268   0x00000030   Code   RO       2932  .text.km_get_pub_key_by_name	app_main.o
    0x08009298   0x000000bc   Code   RO       2933  .text.boot_load_and_jump	app_main.o
    0x08009354   0x00000008   Code   RO       2934  .text.boot_sys_reboot	app_main.o
    0x0800935c   0x0000001c   Code   RO       2935  .text.startup.main	app_main.o
    0x08009378   0x00000004   Code   RO       2954  .text.extflash_close	extern_flash.o
    0x0800937c   0x00000028   Code   RO       2955  .text.extflash_info_get	extern_flash.o
    0x080093a4   0x00000060   Code   RO       2956  .text.extflash_erase	extern_flash.o
    0x08009404   0x0000004c   Code   RO       2957  .text.extflash_write	extern_flash.o
    0x08009450   0x00000050   Code   RO       2958  .text.extflash_read	extern_flash.o
    0x080094a0   0x0000000c   Code   RO       2959  .text.extflash_open	extern_flash.o
    0x080094ac   0x00000010   Code   RO       2960  .text.app_extflash_register	extern_flash.o
    0x080094bc   0x00000030   Code   RO       2983  .text.os_realloc	libtommath.o
    0x080094ec   0x00000022   Code   RO       2984  .text.mp_reverse	libtommath.o
    0x0800950e   0x00000002   PAD
    0x08009510   0x00000034   Code   RO       2985  .text.wpa_mp_init	libtommath.o
    0x08009544   0x0000002e   Code   RO       2986  .text.mp_clear 	libtommath.o
    0x08009572   0x00000002   PAD
    0x08009574   0x0000004e   Code   RO       2988  .text.mp_cmp_mag	libtommath.o
    0x080095c2   0x00000002   PAD
    0x080095c4   0x00000030   Code   RO       2989  .text.mp_cmp   	libtommath.o
    0x080095f4   0x0000001e   Code   RO       2990  .text.mp_zero  	libtommath.o
    0x08009612   0x00000002   PAD
    0x08009614   0x00000056   Code   RO       2991  .text.mp_rshd  	libtommath.o
    0x0800966a   0x00000002   PAD
    0x0800966c   0x00000020   Code   RO       2992  .text.mp_exch  	libtommath.o
    0x0800968c   0x00000028   Code   RO       2993  .text.mp_clamp 	libtommath.o
    0x080096b4   0x00000060   Code   RO       2994  .text.mp_grow  	libtommath.o
    0x08009714   0x000000c2   Code   RO       2995  .text.s_mp_add 	libtommath.o
    0x080097d6   0x00000002   PAD
    0x080097d8   0x000000a0   Code   RO       2996  .text.s_mp_sub 	libtommath.o
    0x08009878   0x00000044   Code   RO       2997  .text.mp_add   	libtommath.o
    0x080098bc   0x00000046   Code   RO       2998  .text.mp_sub   	libtommath.o
    0x08009902   0x00000002   PAD
    0x08009904   0x000000f2   Code   RO       2999  .text.fast_s_mp_mul_digs	libtommath.o
    0x080099f6   0x00000002   PAD
    0x080099f8   0x0000005e   Code   RO       3000  .text.mp_copy  	libtommath.o
    0x08009a56   0x00000002   PAD
    0x08009a58   0x00000018   Code   RO       3001  .text.mp_init_copy	libtommath.o
    0x08009a70   0x0000001a   Code   RO       3002  .text.mp_abs   	libtommath.o
    0x08009a8a   0x00000002   PAD
    0x08009a8c   0x00000020   Code   RO       3003  .text.mp_set   	libtommath.o
    0x08009aac   0x00000054   Code   RO       3004  .text.mp_init_multi	libtommath.o
    0x08009b00   0x00000028   Code   RO       3005  .text.mp_clear_multi	libtommath.o
    0x08009b28   0x00000070   Code   RO       3006  .text.mp_lshd  	libtommath.o
    0x08009b98   0x000000a8   Code   RO       3007  .text.mp_mul_2d	libtommath.o
    0x08009c40   0x00000058   Code   RO       3008  .text.mp_read_unsigned_bin	libtommath.o
    0x08009c98   0x0000002c   Code   RO       3009  .text.mp_count_bits	libtommath.o
    0x08009cc4   0x00000084   Code   RO       3011  .text.mp_mod_2d	libtommath.o
    0x08009d48   0x000000ce   Code   RO       3012  .text.mp_div_2d	libtommath.o
    0x08009e16   0x00000002   PAD
    0x08009e18   0x0000004e   Code   RO       3013  .text.mp_to_unsigned_bin_nr	libtommath.o
    0x08009e66   0x00000002   PAD
    0x08009e68   0x0000015e   Code   RO       3015  .text.mp_div   	libtommath.o
    0x08009fc6   0x00000002   PAD
    0x08009fc8   0x00000058   Code   RO       3016  .text.mp_mod   	libtommath.o
    0x0800a020   0x00000036   Code   RO       3017  .text.mp_2expt 	libtommath.o
    0x0800a056   0x00000002   PAD
    0x0800a058   0x00000052   Code   RO       3020  .text.mp_init_size	libtommath.o
    0x0800a0aa   0x00000002   PAD
    0x0800a0ac   0x000000d6   Code   RO       3021  .text.s_mp_mul_digs	libtommath.o
    0x0800a182   0x00000002   PAD
    0x0800a184   0x00000036   Code   RO       3022  .text.mp_mul   	libtommath.o
    0x0800a1ba   0x00000002   PAD
    0x0800a1bc   0x00000042   Code   RO       3023  .text.mp_mulmod	libtommath.o
    0x0800a1fe   0x00000002   PAD
    0x0800a200   0x00000014   Code   RO       3025  .text.mp_init_for_read_unsigned_bin	libtommath.o
    0x0800a214   0x00000044   Code   RO       3047  .text._boot_flash_erase	flash_ops.o
    0x0800a258   0x00000014   Code   RO       3048  .text._boot_flash_write	flash_ops.o
    0x0800a26c   0x00000014   Code   RO       3049  .text._boot_flash_read	flash_ops.o
    0x0800a280   0x00000034   Code   RO       3050  .text._boot_flash_info_get	flash_ops.o
    0x0800a2b4   0x00000020   Code   RO       3051  .text.boot_flash_init	flash_ops.o
    0x0800a2d4   0x0000004a   Code   RO       3071  .text.writeStatus1	board.o
    0x0800a31e   0x00000002   PAD
    0x0800a320   0x00000086   Code   RO       3072  .text.switch_qflash_to_4line	board.o
    0x0800a3a6   0x00000002   PAD
    0x0800a3a8   0x0000001c   Code   RO       3075  .text.w800_board_init	board.o
    0x0800a3c4   0x0000009c   Code   RO       3076  .text.board_init	board.o
    0x0800a460   0x00000030   Code   RO       3077  .text.fputc    	board.o
    0x0800a490   0x00000008   Code   RO       3095  .text.pre_main 	pre_main.o
    0x0800a498   0x000003c0   Code   RO       3195  .text.lzo1z_decompress_safe	lzo1z_d2.o
    0x0800a858   0x00000004   Code   RO       3243  .text.u2p      	lzo_init.o
    0x0800a85c   0x000001b0   Code   RO       3244  .text._lzo_config_check	lzo_init.o
    0x0800aa0c   0x000000b2   Code   RO       3245  .text.__lzo_init_v2	lzo_init.o
    0x0800aabe   0x00000002   PAD
    0x0800aac0   0x00000008   Code   RO       3321  .text.bs_flash_erase	bsp_port.o
    0x0800aac8   0x00000008   Code   RO       3322  .text.bs_flash_write	bsp_port.o
    0x0800aad0   0x00000008   Code   RO       3323  .text.bs_flash_read	bsp_port.o
    0x0800aad8   0x0000002e   Code   RO       3366  .text.decompress_init	decompress_api.o
    0x0800ab06   0x00000002   PAD
    0x0800ab08   0x00000008   Code   RO       3367  .text.decompress_ram_need	decompress_api.o
    0x0800ab10   0x00000042   Code   RO       3368  .text.decompress_fun	decompress_api.o
    0x0800ab52   0x00000002   PAD
    0x0800ab54   0x0000003c   Code   RO       3385  .text.offtin   	batch.o
    0x0800ab90   0x0000001c   Code   RO       3386  .text.memcpy_decide	batch.o
    0x0800abac   0x00000104   Code   RO       3387  .text.patch_fun	batch.o
    0x0800acb0   0x00000022   Code   RO       3416  .text.__diff_format_data	contrl_double.o
    0x0800acd2   0x00000002   PAD
    0x0800acd4   0x00000054   Code   RO       3417  .text.__diff_contrl_reset	contrl_double.o
    0x0800ad28   0x0000002c   Code   RO       3418  .text.__diff_contrl_init	contrl_double.o
    0x0800ad54   0x00000070   Code   RO       3419  .text.__diff_contrl_update	contrl_double.o
    0x0800adc4   0x000000a4   Code   RO       3420  .text.__diff_contrl_continue	contrl_double.o
    0x0800ae68   0x00000050   Code   RO       3437  .text.get_piece_img_pair_offset	packet_format.o
    0x0800aeb8   0x0000001e   Code   RO       3438  .text.piece_img_pair_addr	packet_format.o
    0x0800aed6   0x00000002   PAD
    0x0800aed8   0x00000064   Code   RO       3439  .text.get_backup_addr	packet_format.o
    0x0800af3c   0x000000a0   Code   RO       3440  .text.check_update_status	packet_format.o
    0x0800afdc   0x00000020   Code   RO       3441  .text.buf_uinit	packet_format.o
    0x0800affc   0x000000dc   Code   RO       3442  .text.img_write	packet_format.o
    0x0800b0d8   0x000000ec   Code   RO       3445  .text.consume_check	packet_format.o
    0x0800b1c4   0x00000048   Code   RO       3446  .text.pat_config	packet_format.o
    0x0800b20c   0x0000072c   Code   RO       3447  .text.pat_process	packet_format.o
    0x0800b938   0x00000016   Code   RO       3472  .text.c2int32  	bank.o
    0x0800b94e   0x00000002   PAD
    0x0800b950   0x00000016   Code   RO       3473  .text.c2int16  	bank.o
    0x0800b966   0x00000002   PAD
    0x0800b968   0x00000028   Code   RO       3506  .text.crc16    	verify.o
    0x0800b990   0x00000014   Data   RO       3606  .rodata        	_thenan_df.o
    0x0800b9a4   0x00000100   Data   RO       3627  .rodata        	_clz.o
    0x0800baa4   0x00000036   Data   RO        176  .rodata.trap_c.str1.1	trap_c.o
    0x0800bada   0x00000002   PAD
    0x0800badc   0x00000020   Data   RO        307  .rodata.sg_eflash_config	devices.o
    0x0800bafc   0x00000010   Data   RO        311  .rodata.sg_lspi_config	devices.o
    0x0800bb0c   0x00000040   Data   RO        315  .rodata.sg_spiflash_config	devices.o
    0x0800bb4c   0x00000040   Data   RO        317  .rodata.sg_usart_config	devices.o
    0x0800bb8c   0x0000001d   Data   RO        691  .rodata.csi_spiflash_initialize.str1.1	spiflash.o
    0x0800bba9   0x00000025   Data   RO        901  .rodata.tls_dma_request.str1.1	wm_dma.o
    0x0800bbce   0x00000012   Data   RO       1759  .rodata.der_md5_t	wm_rsa.o
    0x0800bbe0   0x0000000f   Data   RO       1760  .rodata.der_sha1_t	wm_rsa.o
    0x0800bbef   0x00000013   Data   RO       1761  .rodata.der_sha256_t	wm_rsa.o
    0x0800bc02   0x00000007   Data   RO       1831  .rodata.print.str1.1	printf.o
    0x0800bc09   0x00000024   Data   RO       1989  .rodata.mm_max_usedsize_update.str1.1	mm_mallinfo.o
    0x0800bc2d   0x0000001d   Data   RO       2006  .rodata.mm_malloc.str1.1	mm_malloc.o
    0x0800bc4a   0x00000088   Data   RO       2057  .rodata.boot_main.str1.1	boot_main.o
    0x0800bcd2   0x00000016   Data   RO       2076  .rodata.__func__.5096	boot_virtual.o
    0x0800bce8   0x00000023   Data   RO       2077  .rodata.boot_is_no_needed_ota.str1.1	boot_virtual.o
    0x0800bd0b   0x000000e1   Data   RO       2096  .rodata.update_init.str1.1	update_core.o
    0x0800bdec   0x000000d8   Data   RO       2097  .rodata.update_path.str1.1	update_core.o
    0x0800bec4   0x00000066   Data   RO       2116  .rodata.diff_init_config.str1.1	update_diff.o
    0x0800bf2a   0x000000b1   Data   RO       2138  .rodata.mtb_update_backup.str1.1	update_mtb.o
    0x0800bfdb   0x00000041   Data   RO       2139  .rodata.mtb_update_valid.str1.1	update_mtb.o
    0x0800c01c   0x00000034   Data   RO       2140  .rodata.program_manifest_tb.str1.1	update_mtb.o
    0x0800c050   0x000001b3   Data   RO       2172  .rodata.misc_file_check.str1.1	update_misc_man.o
    0x0800c203   0x0000002f   Data   RO       2173  .rodata.misc_first_fd.str1.1	update_misc_man.o
    0x0800c232   0x0000004d   Data   RO       2174  .rodata.misc_get_imager_info.str1.1	update_misc_man.o
    0x0800c27f   0x00000115   Data   RO       2175  .rodata.misc_get_update_fd.str1.1	update_misc_man.o
    0x0800c394   0x0000009e   Data   RO       2176  .rodata.misc_init.str1.1	update_misc_man.o
    0x0800c432   0x0000003d   Data   RO       2177  .rodata.misc_next_imager.str1.1	update_misc_man.o
    0x0800c46f   0x00000024   Data   RO       2178  .rodata.misc_reset.str1.1	update_misc_man.o
    0x0800c493   0x000000cc   Data   RO       2179  .rodata.misc_set_update_fd.str1.1	update_misc_man.o
    0x0800c55f   0x00000329   Data   RO       2180  .rodata.misc_update_path.str1.1	update_misc_man.o
    0x0800c888   0x000000d3   Data   RO       2181  .rodata.update_image.str1.1	update_misc_man.o
    0x0800c95b   0x00000001   PAD
    0x0800c95c   0x00000020   Data   RO       2248  .rodata.default_flash_ops	partition_flash.o
    0x0800c97c   0x00000006   Data   RO       2273  .rodata.CSWTCH.10	verify.o
    0x0800c982   0x00000008   Data   RO       2274  .rodata.CSWTCH.12	verify.o
    0x0800c98a   0x00000010   Data   RO       2275  .rodata.__func__.5368	verify.o
    0x0800c99a   0x00000017   Data   RO       2276  .rodata.__func__.5638	verify.o
    0x0800c9b1   0x0000007f   Data   RO       2277  .rodata.hash_calc_start.str1.1	verify.o
    0x0800ca30   0x0000011b   Data   RO       2278  .rodata.signature_verify_start.str1.1	verify.o
    0x0800cb4b   0x0000000e   Data   RO       2308  .rodata.__func__.3877	mtb.o
    0x0800cb59   0x00000009   Data   RO       2309  .rodata.__func__.3892	mtb.o
    0x0800cb62   0x00000010   Data   RO       2310  .rodata.__func__.3936	mtb.o
    0x0800cb72   0x00000012   Data   RO       2311  .rodata.__func__.3948	mtb.o
    0x0800cb84   0x00000095   Data   RO       2312  .rodata.get_section_buf.str1.1	mtb.o
    0x0800cc19   0x000000f2   Data   RO       2313  .rodata.get_sys_partition.str1.1	mtb.o
    0x0800cd0b   0x00000175   Data   RO       2315  .rodata.mtb_init.str1.1	mtb.o
    0x0800ce80   0x0000000f   Data   RO       2344  .rodata.__func__.3995	mtbv.o
    0x0800ce8f   0x00000011   Data   RO       2345  .rodata.__func__.4023	mtbv.o
    0x0800cea0   0x0000000d   Data   RO       2346  .rodata.__func__.4036	mtbv.o
    0x0800cead   0x00000012   Data   RO       2347  .rodata.__func__.4048	mtbv.o
    0x0800cebf   0x00000013   Data   RO       2348  .rodata.__func__.4060	mtbv.o
    0x0800ced2   0x00000012   Data   RO       2349  .rodata.__func__.4070	mtbv.o
    0x0800cee4   0x00000013   Data   RO       2350  .rodata.__func__.4101	mtbv.o
    0x0800cef7   0x00000004   Data   RO       2353  .rodata.g_scn_img_type	mtbv.o
    0x0800cefb   0x00000002   Data   RO       2354  .rodata.g_scn_key_type	mtbv.o
    0x0800cefd   0x00000002   Data   RO       2355  .rodata.g_scn_part_type	mtbv.o
    0x0800ceff   0x0000004a   Data   RO       2356  .rodata.get_scn_offset.isra.0.str1.1	mtbv.o
    0x0800cf49   0x000000b1   Data   RO       2357  .rodata.get_section_addr.str1.1	mtbv.o
    0x0800cffa   0x000001b8   Data   RO       2358  .rodata.mtbv_check_imginfo.str1.1	mtbv.o
    0x0800d1b2   0x0000004c   Data   RO       2359  .rodata.mtbv_get_img_info.str1.1	mtbv.o
    0x0800d1fe   0x0000007e   Data   RO       2360  .rodata.mtbv_get_part_info.str1.1	mtbv.o
    0x0800d27c   0x0000000b   Data   RO       2387  .rodata.__func__.3972	mtbv4.o
    0x0800d287   0x00000010   Data   RO       2388  .rodata.__func__.4006	mtbv4.o
    0x0800d297   0x0000000d   Data   RO       2389  .rodata.__func__.4010	mtbv4.o
    0x0800d2a4   0x00000013   Data   RO       2390  .rodata.__func__.4029	mtbv4.o
    0x0800d2b7   0x00000055   Data   RO       2391  .rodata.mtbv4_crc_check.str1.1	mtbv4.o
    0x0800d30c   0x000001cb   Data   RO       2392  .rodata.mtbv4_image_verify.str1.1	mtbv4.o
    0x0800d4d7   0x000000bc   Data   RO       2393  .rodata.mtbv4_init.str1.1	mtbv4.o
    0x0800d593   0x00000021   Data   RO       2394  .rodata.mtbv4_verify.str1.1	mtbv4.o
    0x0800d5b4   0x00000400   Data   RO       2411  .rodata.crc32_table	crc32.o
    0x0800d9b4   0x000000a5   Data   RO       2761  .rodata.km_pub_key_init.str1.1	key_mgr_pub_key.o
    0x0800da59   0x000000fe   Data   RO       2763  .rodata.pkey_part_init.str1.1	key_mgr_pub_key.o
    0x0800db57   0x00000060   Data   RO       2936  .rodata.boot_load_and_jump.str1.1	app_main.o
    0x0800dbb7   0x00000080   Data   RO       2937  .rodata.g_pubkey_rsa1024.5353	app_main.o
    0x0800dc37   0x0000001e   Data   RO       2938  .rodata.km_get_pub_key_by_name.str1.1	app_main.o
    0x0800dc55   0x00000003   PAD
    0x0800dc58   0x00000020   Data   RO       2963  .rodata.extern_flash_ops	extern_flash.o
    0x0800dc78   0x00000015   Data   RO       2964  .rodata.extflash_erase.str1.1	extern_flash.o
    0x0800dc8d   0x00000014   Data   RO       2965  .rodata.extflash_read.str1.1	extern_flash.o
    0x0800dca1   0x00000015   Data   RO       2966  .rodata.extflash_write.str1.1	extern_flash.o
    0x0800dcb6   0x00000009   Data   RO       3451  .rodata.consume_check.str1.1	packet_format.o
    0x0800dcbf   0x00000001   Data   RO       3493  .rodata._DTYPE_DIFF_NOMAL	const_data.o
    0x0800dcc0   0x00000001   Data   RO       3494  .rodata._DTYPE_DIFF_SERAIL	const_data.o
    0x0800dcc1   0x00000001   PAD
    0x0800dcc2   0x00000200   Data   RO       3507  .rodata.crc16_table	verify.o
    0x0800dec2   0x00000002   PAD

    Region D-SRAM (Base: 0x20010000, Size: 0x00011864, Max: 0x00038000)

    Base Addr    Size         Type   Attr      Idx   Section Name       Object
    0x20010100   0x00000060   Data   RW       4008  .data          	stdinit.o
    0x20010160   0x00000040   Data   RW       1000  .data.exspi_fls	wm_fls_gd25qxx.o
    0x200101a0   0x00000004   Data   RW       1253  .data.TLS_FLASH_END_ADDR	wm_internal_fls.o
    0x200101a4   0x00000004   Data   RW       1254  .data.TLS_FLASH_OTA_FLAG_ADDR	wm_internal_fls.o
    0x200101a8   0x00000004   Data   RW       1255  .data.TLS_FLASH_PARAM1_ADDR	wm_internal_fls.o
    0x200101ac   0x00000004   Data   RW       1256  .data.TLS_FLASH_PARAM2_ADDR	wm_internal_fls.o
    0x200101b0   0x00000004   Data   RW       1257  .data.TLS_FLASH_PARAM_DEFAULT	wm_internal_fls.o
    0x200101b4   0x00000004   Data   RW       1258  .data.TLS_FLASH_PARAM_RESTORE_ADDR	wm_internal_fls.o
    0x200101b8   0x00000100   Data   RW       2272  .data.g_key_module_trustboot	verify.o
    0x200102b8   0x00000020   Data   RW       3054  .data.g_eflash_ops	flash_ops.o
    0x200102d8   0x00008000   Zero   RW        192  .bss           	startup.o
    0x200182d8   0x00000204   Zero   RW        198  .bss           	vectors.o
    0x200184dc   0x00000028   Zero   RW        343  .bss.eflash_handle	eflash.o
    0x20018504   0x00000068   Zero   RW        632  .bss.sha_handle	sha.o
    0x2001856c   0x00000018   Zero   RW        661  .bss.spi_instance	spi.o
    0x20018584   0x00000004   Zero   RW        689  .bss.spi_handler	spiflash.o
    0x20018588   0x00000050   Zero   RW        690  .bss.spiflash_instance	spiflash.o
    0x200185d8   0x00000118   Zero   RW        786  .bss.usart_instance	uart.o
    0x200186f0   0x00000008   Zero   RW        899  .bss.channels  	wm_dma.o
    0x200186f8   0x00000004   Zero   RW        971  .bss.spi_fls   	wm_fls.o
    0x200186fc   0x00000004   Zero   RW        999  .bss.exspifls_drv	wm_fls_gd25qxx.o
    0x20018700   0x00000004   Zero   RW       1120  .bss.spi_port  	wm_hostspi.o
    0x20018704   0x00000014   Zero   RW       1371  .bss.pwm_callback	wm_pwm.o
    0x20018718   0x00000014   Zero   RW       1372  .bss.pwm_callback_arg	wm_pwm.o
    0x2001872c   0x00000100   Zero   RW       1757  .bss.g_acc     	wm_rsa.o
    0x2001882c   0x00000020   Zero   RW       1758  .bss.rsa_handle	wm_rsa.o
    0x2001884c   0x00000004   Zero   RW       1988  .bss.g_max_used_size	mm_mallinfo.o
    0x20018850   0x00000004   Zero   RW       2115  .bss.g_diff_init.3280	update_diff.o
    0x20018854   0x00000004   Zero   RW       2168  .bss.g_flash_misc_addr	update_misc_man.o
    0x20018858   0x00000004   Zero   RW       2169  .bss.g_flash_misc_fota_data_addr	update_misc_man.o
    0x2001885c   0x00000004   Zero   RW       2170  .bss.g_flash_misc_section_size	update_misc_man.o
    0x20018860   0x00000004   Zero   RW       2171  .bss.g_flash_misc_size	update_misc_man.o
    0x20018864   0x00000004   Zero   RW       2211  .bss.g_part_init_ok.3792	partition.o
    0x20018868   0x00000008   Zero   RW       2212  .bss.g_partion_array	partition.o
    0x20018870   0x000001e0   Zero   RW       2213  .bss.g_scn_buf 	partition.o
    0x20018a50   0x00000020   Zero   RW       2246  .bss.g_flash_ops	partition_flash.o
    0x20018a70   0x00000004   Zero   RW       2247  .bss.g_init_default	partition_flash.o
    0x20018a74   0x000001d8   Zero   RW       2271  .bss.g_sha_ctx.5329	verify.o
    0x20018c4c   0x00000014   Zero   RW       2307  .bss.g_mtb     	mtb.o
    0x20018c60   0x00000004   Zero   RW       2699  .bss.g_km_init 	key_mgr.o
    0x20018c64   0x00000a7c   Zero   RW       2760  .bss.g_pub_key_info	key_mgr_pub_key.o
    0x200196e0   0x00000004   Zero   RW       3052  .bss.eflash_hd 	flash_ops.o
    0x200196e4   0x00000004   Zero   RW       3053  .bss.eflash_info	flash_ops.o
    0x200196e8   0x00000004   Zero   RW       3078  .bss.g_console_handle	board.o
    0x200196ec   0x00000004   Zero   RW       3079  .bss.w800_board_is_init.6399	board.o
    0x200196f0   0x00000001   Zero   RW       3450  .bss.not_back_flg	packet_format.o
    0x200196f1   0x00000003   PAD
    0x200196f4   0x00000004   Zero   RW        189  COMMON         	trap_c.o
    0x200196f8   0x00000148   Zero   RW       1939  COMMON         	mm_initialize.o
    0x20019840   0x00000004   Zero   RW       2194  COMMON         	update_misc_man.o
    0x20019844   0x0000000c   Zero   RW       3433  COMMON         	contrl_double.o
    0x20019850   0x00000014   Zero   RW       3464  COMMON         	packet_format.o
    0x20019864   0x00008000   PAD

    Region *default* (Base: 0x00000000, Size: 0x00000000, Max: 0xffffffff)


======================================================================

Image component sizes

       Code    RO Data    RW Data    ZI Data      Debug   Object Name

          0          0          0          0          0   linker stubs
	------------------------------------------------------------
          0          0          0          0          0   Object Totals
        184          9          0          3          0   Pad
          0          0          0          0          0   LD_GEN

	------------------------------------------------------------
    [Library Name]: yoc_sdk/lib/libcsi.a
	------------------------------------------------------------
       Code    RO Data    RW Data    ZI Data      Debug   Library Member Name

          0          0          0          0          0   dev_ringbuf.o
	------------------------------------------------------------
          0          0          0          0          0   Library Totals
          0          0          0          0          0   Pad
          0          0          0          0          0   LD_GEN

	------------------------------------------------------------
    [Library Name]: yoc_sdk/lib/libchip_w800.a
	------------------------------------------------------------
       Code    RO Data    RW Data    ZI Data      Debug   Library Member Name

          0          0          0          0          0   entry_c.o
          0          0          0          0          0   isr.o
          0          0          0          0          0   lib.o
          0          0          0          0          0   novic_irq_tbl.o
          0          0          0          0          0   os_port.o
        520          0          0          0       6070   pinmux.o
          8          0          0          0        643   reboot.o
         26          0          0          0       1880   sys_freq.o
         60          0          0          0       2431   system.o
        120         54          0          4       1211   trap_c.o
        120          0          0      32768          0   startup.o
         80          0          0        516          0   vectors.o
          0          0          0          0          0   adc.o
          0          0          0          0          0   aes.o
          0          0          0          0          0   codec.o
          0          0          0          0          0   crc.o
        298        176          0          0       6978   devices.o
        506          0          0         40       4922   eflash.o
          0          0          0          0          0   gpio.o
          0          0          0          0          0   i2s.o
          0          0          0          0          0   iic.o
          0          0          0          0          0   infrared_rx.o
          0          0          0          0          0   infrared_tx.o
          0          0          0          0          0   irq.o
          0          0          0          0          0   pmu.o
          0          0          0          0          0   pwm.o
          0          0          0          0          0   rtc.o
        204          0          0        104       4785   sha.o
         72          0          0         24       9371   spi.o
        392         29          0         84       5565   spiflash.o
          0          0          0          0          0   timer.o
          0          0          0          0          0   trng.o
        528          0          0        280      15834   uart.o
          0          0          0          0          0   wdt.o
          0          0          0          0          0   wm_adc.o
         44          0          0          0       2666   wm_cpu.o
        420         37          0          8       6198   wm_dma.o
          0          0          0          0          0   wm_efuse.o
        796          0          0          4       6960   wm_fls.o
        530          0         64          4       4759   wm_fls_gd25qxx.o
        172          0          0          0      10903   wm_gpio.o
        738          0          0          0       7986   wm_gpio_afsel.o
       2988          0          0          4      18802   wm_hostspi.o
          0          0          0          0          0   wm_i2c.o
          0          0          0          0          0   wm_i2s.o
       1004          0         24          0      12367   wm_internal_fls.o
        436          0          0          0       6534   wm_io.o
          0          0          0          0          0   wm_irq.o
          0          0          0          0          0   wm_pmu.o
         60          0          0         40      19380   wm_pwm.o
          0          0          0          0          0   wm_rtc.o
          0          0          0          0          0   wm_timer.o
         36          0          0          0       3518   wm_watchdog.o
       1164          0          0          0      19579   wm_crypto_hard.o
          0          0          0          0          0   wm_fwup.o
          0          0          0          0          0   utils.o
         52          0          0          0       2713   wm_mem.o
          0          0          0          0          0   wm_param.o
          0          0          0          0          0   wm_oneshot_airkiss.o
          0          0          0          0          0   wm_oneshot_lsd.o
          0          0          0          0          0   wm_wifi_oneshot.o
          6          0          0          0       2327   wm_osal.o
       1018         52          0        288      16303   wm_rsa.o
	------------------------------------------------------------
      12398        348         88      34168     200685   Library Totals
          0          0          0          0          0   Pad
          0          0          0          0          0   LD_GEN

	------------------------------------------------------------
    [Library Name]: yoc_sdk/lib/libboot.a
	------------------------------------------------------------
       Code    RO Data    RW Data    ZI Data      Debug   Library Member Name

         40          0          0          0       1671   diff_port.o
         40          0          0          0       2227   malloc.o
          0          0          0          0          0   newlib_stub.o
        720          7          0          0       4026   printf.o
          0          0          0          0          0   dq_addlast.o
          0          0          0          0          0   dq_rem.o
          0          0          0          0          0   lib_mallinfo.o
         62          0          0          0       1521   mm_addfreechunk.o
        180          0          0          0       1781   mm_free.o
        182          0          0        328       2044   mm_initialize.o
          0          0          0          0          0   mm_leak.o
        138         36          0          4       2065   mm_mallinfo.o
        156         29          0          0       1925   mm_malloc.o
         28          0          0          0       1334   mm_size2ndx.o
        168          0          0          0       2867   boot_flash_porting.o
        140        136          0          0       1567   boot_main.o
         68         57          0          0       2941   boot_virtual.o
        376        441          0          0       2933   update_core.o
        104        102          0          4       1557   update_diff.o
        632        294          0          0       4555   update_mtb.o
       2536       2315          0         20      11129   update_misc_man.o
	------------------------------------------------------------
       5570       3417          0        356      46143   Library Totals
          0          0          0          0          0   Pad
          0          0          0          0          0   LD_GEN

	------------------------------------------------------------
    [Library Name]: yoc_sdk/lib/libpartition.a
	------------------------------------------------------------
       Code    RO Data    RW Data    ZI Data      Debug   Library Member Name

        666          0          0        492       6209   partition.o
        402         32          0         36       5755   partition_flash.o
        810        463        256        472       7145   verify.o
       1098        826          0         20       7792   mtb.o
       1542       1025          0          0      11973   mtbv.o
       1010        824          0          0       5259   mtbv4.o
         40       1024          0          0        985   crc32.o
          0          0          0          0          0   misc.o
	------------------------------------------------------------
       5568       4194        256       1020      45118   Library Totals
          0          0          0          0          0   Pad
          0          0          0          0          0   LD_GEN

	------------------------------------------------------------
    [Library Name]: yoc_sdk/lib/libsec_crypto.a
	------------------------------------------------------------
       Code    RO Data    RW Data    ZI Data      Debug   Library Member Name

          0          0          0          0          0   iot_auth.o
          0          0          0          0          0   iot_keymgr.o
          0          0          0          0          0   iot_memprot.o
          0          0          0          0          0   efuse.o
          0          0          0          0          0   rom.o
          0          0          0          0          0   md.o
          0          0          0          0          0   md_wrap.o
          0          0          0          0          0   sha1.o
          0          0          0          0          0   sha256.o
          0          0          0          0          0   sec_crypto_common.o
          0          0          0          0          0   sec_mcu_aes.o
          0          0          0          0          0   sec_mcu_rng.o
          0          0          0          0          0   sec_mcu_rsa.o
          0          0          0          0          0   sec_mcu_sha.o
          0          0          0          0          0   sec_mcu_aes.o
          0          0          0          0          0   sec_mcu_rng.o
        202          0          0          0       6459   sec_mcu_rsa.o
        276          0          0          0       3447   sec_mcu_sha.o
	------------------------------------------------------------
        478          0          0          0       9906   Library Totals
          0          0          0          0          0   Pad
          0          0          0          0          0   LD_GEN

	------------------------------------------------------------
    [Library Name]: yoc_sdk/lib/libkey_mgr.a
	------------------------------------------------------------
       Code    RO Data    RW Data    ZI Data      Debug   Library Member Name

         32          0          0          4       2844   key_mgr.o
          0          0          0          0          0   key_mgr_efuse.o
          0          0          0          0          0   key_mgr_parser.o
         16          0          0          0       1304   key_mgr_port.o
        444        419          0       2684       4474   key_mgr_pub_key.o
	------------------------------------------------------------
        492        419          0       2688       8622   Library Totals
          0          0          0          0          0   Pad
          0          0          0          0          0   LD_GEN

	------------------------------------------------------------
    [Library Name]: yoc_sdk/lib/libxz.a
	------------------------------------------------------------
       Code    RO Data    RW Data    ZI Data      Debug   Library Member Name

          0          0          0          0          0   xz_crc32.o
          0          0          0          0          0   xz_crc64.o
          0          0          0          0          0   xz_dec_bcj.o
          0          0          0          0          0   xz_dec_lzma2.o
          0          0          0          0          0   xz_dec_stream.o
          0          0          0          0          0   xz_dec_syms.o
          0          0          0          0          0   decompress_unxz.o
          0          0          0          0          0   xz_dec.o
	------------------------------------------------------------
          0          0          0          0          0   Library Totals
          0          0          0          0          0   Pad
          0          0          0          0          0   LD_GEN

	------------------------------------------------------------
    [Library Name]: yoc_sdk/lib/libw800_boot.a
	------------------------------------------------------------
       Code    RO Data    RW Data    ZI Data      Debug   Library Member Name

          4          0          0          0        712   _init.o
        272        254          0          0       3111   app_main.o
        324         94          0          0       4136   extern_flash.o
       3380          0          0          0      25999   libtommath.o
        192          0         32          8       2596   flash_ops.o
        440          0          0          8       6082   board.o
          8          0          0          0        300   pre_main.o
	------------------------------------------------------------
       4620        348         32         16      42936   Library Totals
          0          0          0          0          0   Pad
          0          0          0          0          0   LD_GEN

	------------------------------------------------------------
    [Library Name]: /mnt/d/for_linux/ble/gateway_boot/yoc_1520_upgrade/components/boot/diff/ck804ef/libdiff_dc.a
	------------------------------------------------------------
       Code    RO Data    RW Data    ZI Data      Debug   Library Member Name

          0          0          0          0          0   lzo1x_9x.o
          0          0          0          0          0   lzo1x_d3.o
          0          0          0          0          0   lzo1z_9x.o
          0          0          0          0          0   lzo1z_d1.o
        960          0          0          0       4720   lzo1z_d2.o
          0          0          0          0          0   lzo1z_d3.o
          0          0          0          0          0   lzo_crc.o
        614          0          0          0      12496   lzo_init.o
          0          0          0          0          0   lzo_ptr.o
          0          0          0          0          0   lzo_str.o
          0          0          0          0          0   lzo_util.o
         24          0          0          0       1436   bsp_port.o
          0          0          0          0          0   compress_api.o
        120          0          0          0       4259   decompress_api.o
        348          0          0          0       3477   batch.o
          0          0          0          0          0   contrl.o
        438          0          0         12       3146   contrl_double.o
       2766          9          0         21      13992   packet_format.o
         44          0          0          0       2554   bank.o
          0          2          0          0        689   const_data.o
         40        512          0          0       1102   verify.o
	------------------------------------------------------------
       5354        523          0         33      47871   Library Totals
          0          0          0          0          0   Pad
          0          0          0          0          0   LD_GEN

	------------------------------------------------------------
    [Library Name]: /opt/csky-elfabiv2-tools/bin/../lib/gcc/csky-elfabiv2/6.3.0/ck803/hard-fp/libgcc.a
	------------------------------------------------------------
       Code    RO Data    RW Data    ZI Data      Debug   Library Member Name

          0          0          0          0          0   _ashldi3.o
         88          0          0          0          0   _ctzsi2.o
         56          0          0          0          0   _fixunsdfsi.o
        816          0          0          0          0   _addsub_df.o
        512          0          0          0          0   _mul_df.o
          0          0          0          0          0   _div_df.o
         64          0          0          0          0   _ge_df.o
          0          0          0          0          0   _si_to_df.o
        112          0          0          0          0   _df_to_si.o
          0         20          0          0          0   _thenan_df.o
         86          0          0          0          0   _usi_to_df.o
         74          0          0          0          0   _muldi3.o
          0        256          0          0          0   _clz.o
        398          0          0          0          0   _pack_df.o
        228          0          0          0          0   _unpack_df.o
        194          0          0          0          0   _fpcmp_parts_df.o
          0          0          0          0          0   _df_to_sf.o
          0          0          0          0          0   _make_sf.o
          0          0          0          0          0   _pack_sf.o
	------------------------------------------------------------
       2628        276          0          0          0   Library Totals
          0          0          0          0          0   Pad
          0          0          0          0          0   LD_GEN

	------------------------------------------------------------
    [Library Name]: /opt/csky-elfabiv2-tools/bin/../lib/gcc/csky-elfabiv2/6.3.0/../../../../csky-elfabiv2/lib/ck803/hard-fp/libc.a
	------------------------------------------------------------
       Code    RO Data    RW Data    ZI Data      Debug   Library Member Name

          0          0          0          0          0   printf_required.o
          0          0          0          0          0   sscanf.o
          0          0          0          0          0   puts.o
          0          0          0          0          0   fputs.o
         16          0          0          0          0   putchar.o
          0          0          0          0          0   vprintf_required.o
          0          0          0          0          0   atoi.o
          0          0          0          0          0   strtol.o
          0          0          0          0          0   rand.o
        330          0          0          0          0   memcmp_fast.o
          0          0          0          0          0   strcpy_fast.o
        126          0          0          0          0   memcpy_fast.o
        160          0          0          0          0   memset_fast.o
          0          0          0          0          0   memmove_fast.o
         36          0          0          0          0   strncmp.o
         44          0          0          0          0   strncpy.o
         62          0          0          0          0   strlen_fast.o
        214          0          0          0          0   strcmp_fast.o
          0          0          0          0          0   isupper.o
          0          0          0          0          0   isspace.o
          0          0          0          0          0   isdigit.o
          0          0          0          0          0   isalpha.o
          0          0          0          0          0   minilibc_init.o
          0          0          0          0          0   critical.o
          0          0         96          0          0   stdinit.o
          0          0          0          0          0   vsscanf_required.o
          8          0          0          0          0   putc.o
          0          0          0          0          0   __v2_printfDHS.o
          0          0          0          0          0   __v2_scanf-int-ll-str-fp.o
	------------------------------------------------------------
        996          0         96          0          0   Library Totals
          0          0          0          0          0   Pad
          0          0          0          0          0   LD_GEN

	------------------------------------------------------------

======================================================================


       Code    RO Data    RW Data    ZI Data      Debug
      38288       9534        472      38284     401281   Grand Totals
      38288       9534        472      38284     401281   Elf Image Totals
      38288       9534        472          0          0   ROM Totals

======================================================================

Total	RO	Size (Code + RO Data)				47822 (  46.70kB)
Total	RW	Size (RW Data + ZI Data)			38756 (  37.85kB)
Total	ROM	Size (Code + RO Data + RW Data)		48294 (  47.16kB)

======================================================================
