Csky GNU Linker

======================================================================

Section Cross References

	board.o(.text.board_init) refers to pinmux.o(.text.drv_pinmux_config) for drv_pinmux_config
	app_main.o(.text.boot_sys_reboot) refers to reboot.o(.text.drv_reboot) for drv_reboot
	uart.o(.text.csi_usart_config) refers to sys_freq.o(.text.drv_get_apb_freq) for drv_get_apb_freq
	startup.o(.text) refers to system.o(.text.SystemInit) for SystemInit
	devices.o(.text.target_usart_init) refers to devices.o(.text.target_get) for target_get
	devices.o(.text.target_get_lspi) refers to devices.o(.text.target_get) for target_get
	uart.o(.text.csi_usart_initialize) refers to devices.o(.text.target_usart_init) for target_usart_init
	spi.o(.text.csi_spi_initialize) refers to devices.o(.text.target_get_lspi) for target_get_lspi
	eflash.o(.text.csi_eflash_initialize) refers to devices.o(.text.target_get_eflash) for target_get_eflash
	spiflash.o(.text.csi_spiflash_initialize) refers to devices.o(.text.target_get_spiflash) for target_get_spiflash
	flash_ops.o(.text.boot_flash_init) refers to eflash.o(.text.csi_eflash_initialize) for csi_eflash_initialize
	flash_ops.o(.text._boot_flash_read) refers to eflash.o(.text.csi_eflash_read) for csi_eflash_read
	flash_ops.o(.text._boot_flash_write) refers to eflash.o(.text.csi_eflash_program) for csi_eflash_program
	flash_ops.o(.text._boot_flash_erase) refers to eflash.o(.text.csi_eflash_erase_sector) for csi_eflash_erase_sector
	flash_ops.o(.text._boot_flash_info_get) refers to eflash.o(.text.csi_eflash_get_info) for csi_eflash_get_info
	sec_mcu_sha.o(.text.sc_sha_init) refers to sha.o(.text.csi_sha_initialize) for csi_sha_initialize
	sec_mcu_sha.o(.text.sc_sha_uninit) refers to sha.o(.text.csi_sha_uninitialize) for csi_sha_uninitialize
	sec_mcu_sha.o(.text.sc_sha_start) refers to sha.o(.text.csi_sha_config) for csi_sha_config
	sec_mcu_sha.o(.text.sc_sha_start) refers to sha.o(.text.csi_sha_start) for csi_sha_start
	sec_mcu_sha.o(.text.sc_sha_update) refers to sha.o(.text.csi_sha_update) for csi_sha_update
	sec_mcu_sha.o(.text.sc_sha_finish) refers to sha.o(.text.csi_sha_finish) for csi_sha_finish
	spiflash.o(.text.csi_spiflash_initialize) refers to spi.o(.text.csi_spi_initialize) for csi_spi_initialize
	extern_flash.o(.text.extflash_open) refers to spiflash.o(.text.csi_spiflash_initialize) for csi_spiflash_initialize
	extern_flash.o(.text.extflash_read) refers to spiflash.o(.text.csi_spiflash_read) for csi_spiflash_read
	extern_flash.o(.text.extflash_write) refers to spiflash.o(.text.csi_spiflash_program) for csi_spiflash_program
	extern_flash.o(.text.extflash_erase) refers to spiflash.o(.text.csi_spiflash_erase_sector) for csi_spiflash_erase_sector
	extern_flash.o(.text.extflash_info_get) refers to spiflash.o(.text.csi_spiflash_get_info) for csi_spiflash_get_info
	extern_flash.o(.text.extflash_erase) refers to spiflash.o(.text.csi_spiflash_get_info) for csi_spiflash_get_info
	extern_flash.o(.text.extflash_write) refers to spiflash.o(.text.csi_spiflash_get_info) for csi_spiflash_get_info
	extern_flash.o(.text.extflash_read) refers to spiflash.o(.text.csi_spiflash_get_info) for csi_spiflash_get_info
	board.o(.text.board_init) refers to uart.o(.text.uart0Init) for uart0Init
	board.o(.text.board_init) refers to uart.o(.text.csi_usart_initialize) for csi_usart_initialize
	board.o(.text.board_init) refers to uart.o(.text.csi_usart_config) for csi_usart_config
	board.o(.text.fputc) refers to uart.o(.text.csi_usart_putchar) for csi_usart_putchar
	sys_freq.o(.text.drv_get_apb_freq) refers to wm_cpu.o(.text.tls_sys_clk_get) for tls_sys_clk_get
	wm_hostspi.o(.text.spi_set_sclk) refers to wm_cpu.o(.text.tls_sys_clk_get) for tls_sys_clk_get
	wm_hostspi.o(.text.spi_dma_init) refers to wm_cpu.o(.text.tls_sys_clk_get) for tls_sys_clk_get
	wm_hostspi.o(.text.tls_spi_setup) refers to wm_cpu.o(.text.tls_sys_clk_get) for tls_sys_clk_get
	wm_hostspi.o(.text.spi_block_read_dma.part.0.constprop.13) refers to wm_dma.o(.text.tls_dma_wait_complt) for tls_dma_wait_complt
	wm_hostspi.o(.text.spi_block_write_dma.part.1.constprop.14) refers to wm_dma.o(.text.tls_dma_wait_complt) for tls_dma_wait_complt
	wm_hostspi.o(.text.spi_block_read_dma.part.0.constprop.13) refers to wm_dma.o(.text.tls_dma_start) for tls_dma_start
	wm_hostspi.o(.text.spi_block_write_dma.part.1.constprop.14) refers to wm_dma.o(.text.tls_dma_start) for tls_dma_start
	wm_dma.o(.text.tls_dma_free) refers to wm_dma.o(.text.tls_dma_stop) for tls_dma_stop
	wm_hostspi.o(.text.spi_block_read_dma.part.0.constprop.13) refers to wm_dma.o(.text.tls_dma_request) for tls_dma_request
	wm_hostspi.o(.text.spi_block_write_dma.part.1.constprop.14) refers to wm_dma.o(.text.tls_dma_request) for tls_dma_request
	wm_hostspi.o(.text.spi_block_read_dma.part.0.constprop.13) refers to wm_dma.o(.text.tls_dma_free) for tls_dma_free
	wm_hostspi.o(.text.spi_block_write_dma.part.1.constprop.14) refers to wm_dma.o(.text.tls_dma_free) for tls_dma_free
[...]
	__strlen_fast                      0x080032c0    w F       62  .text
	strlen                             0x080032c0    w F       62  .text
	__strcmp_fast                      0x08003300    w F      214  .text
	strcmp                             0x08003300    w F      214  .text
	__GI_putc                          0x080033d8      F        8  .text
	putc                               0x080033d8    w F        8  .text
	drv_pinmux_config                  0x080033e0      F      520  .text
	drv_reboot                         0x080035e8      F        8  .text
	drv_get_apb_freq                   0x080035f0      F       26  .text
	SystemInit                         0x0800360c      F       50  .text
	trap_c                             0x08003648      F       96  .text
	target_get                         0x080036c0      F       82  .text
	target_usart_init                  0x08003714      F       22  .text
	target_get_lspi                    0x08003730      F       22  .text
	target_get_eflash                  0x0800374c      F       78  .text
	target_get_spiflash                0x080037a4      F       66  .text
	csi_eflash_initialize              0x080037ec      F       92  .text
	csi_eflash_read                    0x0800384c      F      128  .text
	csi_eflash_program                 0x080038d8      F      128  .text
	csi_eflash_erase_sector            0x08003964      F      116  .text
	csi_eflash_get_info                0x080039e4      F        2  .text
	csi_sha_initialize                 0x080039e8      F       24  .text
	csi_sha_uninitialize               0x08003a04      F       16  .text
	csi_sha_config                     0x08003a18      F       28  .text
	csi_sha_start                      0x08003a40      F       30  .text
	csi_sha_update                     0x08003a64      F       42  .text
	csi_sha_finish                     0x08003a94      F       26  .text
	csi_spi_initialize                 0x08003ab4      F       68  .text
	csi_spiflash_initialize            0x08003afc      F      138  .text
	csi_spiflash_read                  0x08003b94      F       76  .text
	csi_spiflash_program               0x08003be8      F       76  .text
	csi_spiflash_erase_sector          0x08003c3c      F       54  .text
	csi_spiflash_get_info              0x08003c7c      F        8  .text
	uart0Init                          0x08003c84      F       60  .text
	csi_usart_initialize               0x08003ccc      F      208  .text
	csi_usart_config                   0x08003db0      F      190  .text
	csi_usart_putchar                  0x08003e74      F       28  .text
	tls_sys_clk_get                    0x08003e94      F       44  .text
	tls_dma_wait_complt                0x08003ec0      F       28  .text
	tls_dma_start                      0x08003edc      F      114  .text
	tls_dma_stop                       0x08003f50      F       60  .text
	tls_dma_request                    0x08003f8c      F       88  .text
	tls_dma_free                       0x08003fec      F       98  .text
	tls_dma_init                       0x08004054      F       18  .text
	tls_spifls_read                    0x08004068      F       74  .text
	tls_spifls_page_write              0x080040b8      F       96  .text
	tls_spifls_write                   0x0800411c      F      324  .text
	tls_spifls_erase                   0x08004264      F       48  .text
	tls_spifls_drv_register            0x08004298      F       54  .text
	tls_spifls_probe                   0x080042d4      F      116  .text
	tls_spifls_init                    0x0800434c      F       52  .text
	tls_spifls_drv_install             0x08004580      F       18  .text
	tls_gpio_cfg                       0x08004598      F      158  .text
	wm_spi_ck_config                   0x08004644      F       20  .text
	wm_spi_cs_config                   0x08004658      F       24  .text
	wm_spi_di_config                   0x08004670      F       20  .text
	wm_spi_do_config                   0x08004684      F       24  .text
	wm_uart0_tx_config                 0x0800469c      F       16  .text
	wm_uart0_rx_config                 0x080046ac      F       24  .text
	wm_uart1_tx_config                 0x080046c8      F       14  .text
	wm_uart1_rx_config                 0x080046d8      F       22  .text
	wm_uart1_rts_config                0x080046f4      F       16  .text
	wm_uart1_cts_config                0x08004704      F       16  .text
	wm_uart2_tx_scio_config            0x08004714      F       14  .text
	wm_uart2_rx_config                 0x08004724      F       22  .text
	wm_uart2_rts_scclk_config          0x08004740      F       14  .text
	wm_uart2_cts_config                0x08004750      F       14  .text
	wm_uart3_tx_config                 0x08004760      F       14  .text
	wm_uart3_rx_config                 0x08004770      F       22  .text
	wm_uart4_tx_config                 0x0800478c      F       14  .text
	wm_uart4_rx_config                 0x0800479c      F       22  .text
	wm_i2s_ck_config                   0x080047b8      F       22  .text
	wm_i2s_ws_config                   0x080047d0      F       24  .text
	wm_i2s_do_config                   0x080047e8      F       24  .text
	wm_i2s_di_config                   0x08004800      F       24  .text
	wm_i2s_mclk_config                 0x08004818      F       14  .text
	wm_i2s_extclk_config               0x08004828      F       14  .text
	wm_i2c_scl_config                  0x08004838      F       46  .text
	wm_i2c_sda_config                  0x08004868      F       46  .text
	wm_pwm1_config                     0x08004898      F       26  .text
	wm_pwm2_config                     0x080048b4      F       26  .text
	wm_pwm3_config                     0x080048d0      F       24  .text
	wm_pwm4_config                     0x080048e8      F       24  .text
	wm_pwm5_config                     0x08004900      F       24  .text
	wm_gpio_af_disable                 0x08004918      F       30  .text
	spi_fill_txfifo                    0x08004d9c      F      296  .text
	spi_get_rxfifo                     0x08004ec8      F      290  .text
	tls_spi_trans_type                 0x080050a4      F       60  .text
	tls_spi_init                       0x080050e4      F      152  .text
	tls_spi_setup                      0x08005180      F      124  .text
	tls_spi_write                      0x08005200      F      196  .text
	tls_spi_write_with_cmd             0x080052cc      F      136  .text
	tls_spi_read_with_cmd              0x0800535c      F      400  .text
	readRID                            0x08005690      F       30  .text
	flashRead                          0x080056b0      F      176  .text
	tls_fls_sem_lock                   0x08005820      F        2  .text
	tls_fls_sem_unlock                 0x08005824      F        2  .text
	tls_fls_read                       0x08005828      F       50  .text
	tls_fls_write_without_erase        0x0800585c      F       10  .text
	tls_fls_erase                      0x08005868      F       34  .text
	tls_fls_init                       0x0800588c      F        4  .text
	tls_fls_sys_param_postion_init     0x08005890      F       72  .text
	tls_io_cfg_set                     0x080058f0      F      410  .text
	PWM_IRQHandler                     0x08005aa4      F       48  .text
	tls_sys_reset                      0x08005ae0      F       28  .text
	tls_crypto_sha1_init               0x08005b90      F       30  .text
	tls_crypto_sha1_update             0x08005bc4      F       92  .text
	tls_crypto_sha1_final              0x08005c20      F      234  .text
	tls_crypto_exptmod                 0x08005d0c      F      620  .text
	target_get_rsa                     0x08005f78      F       26  .text
	mem_alloc_debug                    0x08005f94      F       28  .text
	mem_free_debug                     0x08005fb0      F       24  .text
	tls_os_set_critical                0x08005fc8      F        4  .text
	tls_os_release_critical            0x08005fcc      F        2  .text
	rsa_verify                         0x0800611c      F      290  .text
	csi_rsa_initialize                 0x0800624c      F       78  .text
	csi_rsa_uninitialize               0x080062a4      F       16  .text
	csi_rsa_config                     0x080062b8      F       72  .text
	csi_rsa_verify                     0x08006314      F      184  .text
	diff_bsp_flash_read                0x080063d0      F        8  .text
	diff_bsp_flash_write               0x080063d8      F        8  .text
	diff_bsp_flash_erase               0x080063e0      F        8  .text
	diff_malloc                        0x080063e8      F        8  .text
	diff_free                          0x080063f0      F        8  .text
	malloc                             0x080063f8    w F       14  .text
	free                               0x0800640c    w F       14  .text
	printf                             0x080066d4      F       32  .text
	mm_addfreechunk                    0x080066f4      F       62  .text
	mm_free                            0x08006734      F      180  .text
	mm_addregion                       0x080067e8      F       94  .text
	mm_initialize                      0x08006848      F       56  .text
	mm_heap_initialize                 0x08006880      F       18  .text
	mm_mallinfo                        0x080068a0      F       78  .text
	mm_max_usedsize_update             0x080068f0      F       44  .text
	mm_malloc                          0x0800692c      F      152  .text
	mm_size2ndx                        0x080069c8      F       28  .text
	boot_flash_info_get                0x080069e4      F       52  .text
	boot_flash_read                    0x08006a18      F       40  .text
	boot_flash_write                   0x08006a40      F       40  .text
	boot_flash_erase                   0x08006a68      F       36  .text
	boot_main                          0x08006a8c      F      100  .text
	boot_is_no_needed_ota              0x08006b18    w F       50  .text
	update_path                        0x08006b5c      F      134  .text
	update_init                        0x08006bf4      F       86  .text
	diff_init_config                   0x08006c58      F       28  .text
	diff_updata_img                    0x08006c78      F       20  .text
	mtb_update_backup                  0x08006cf8      F      364  .text
	mtb_update_valid                   0x08006e70      F       94  .text
	misc_reset                         0x08006fac      F       16  .text
	misc_init                          0x08006fc4      F       34  .text
	misc_file_check                    0x08006ffc      F      234  .text
	misc_next_imager                   0x0800710c      F       22  .text
	misc_get_imager_info               0x08007128      F       66  .text
	misc_get_scn_img_info              0x08007170      F       12  .text
	misc_set_update_fd                 0x0800717c      F      258  .text
	misc_update_path                   0x080072a4      F      446  .text
	misc_get_update_fd                 0x08007490      F      410  .text
	misc_get_app_version               0x08007654      F       44  .text
	partition_init                     0x08007684      F      314  .text
	partition_info_get                 0x080077cc      F       28  .text
	partition_open                     0x080077ec      F       88  .text
	partition_close                    0x08007848      F       24  .text
	partition_verify                   0x08007860      F       22  .text
	partition_all_verify               0x08007878      F      108  .text
	get_flashid_by_abs_addr            0x080078e8      F       50  .text
	part_flash_open                    0x08007920      F        4  .text
	part_flash_close                   0x08007924      F        4  .text
	part_flash_info_get                0x08007928      F        4  .text
	part_flash_write                   0x0800792c      F        4  .text
	part_flash_erase                   0x08007930      F        4  .text
	part_flash_read                    0x08007934      F       14  .text
	partition_flash_register           0x08007944      F       48  .text
	partition_flash_register_default   0x08007980      F       26  .text
	partition_flash_open               0x080079a8      F       44  .text
	partition_flash_close              0x080079d8      F       36  .text
	partition_flash_info_get           0x08007a00      F       36  .text
	partition_flash_read               0x08007a28      F       44  .text
	partition_flash_write              0x08007a58      F       44  .text
	partition_flash_erase              0x08007a88      F       38  .text
	get_length_with_digest_type        0x08007b6c      F       18  .text
	get_length_with_signature_type     0x08007b84      F       18  .text
	hash_calc_start                    0x08007b9c    w F      142  .text
	signature_verify_start             0x08007c34    w F      196  .text
	crc32_calc_start                   0x08007d08    w F       38  .text
	get_data_from_faddr                0x08007d30      F       16  .text
	mtb_init                           0x08007d40      F      198  .text
	mtb_image_verify                   0x08007e20      F       46  .text
	mtb_get_bmtb_size                  0x08007e58      F       18  .text
	mtb_get_partition_info             0x08007e6c      F       84  .text
	mtb_get_img_info                   0x08007ec4      F       82  .text
	get_section_buf                    0x08007f1c      F       90  .text
	get_sys_partition                  0x08007f7c      F      178  .text
	mtb_get                            0x08008038      F        4  .text
	get_section_addr                   0x08008098      F      166  .text
	mtbv_get_part_info                 0x08008140      F      188  .text
	mtbv_get_img_info                  0x08008208      F      114  .text
	get_img_check_result               0x08008284      F      166  .text
	mtbv_check_imginfo                 0x0800832c      F      260  .text
	mtbv_init                          0x08008450      F       60  .text
	mtbv_image_verify                  0x08008490      F       18  .text
	mtbv4_partition_count              0x080084a4      F       12  .text
	mtbv4_get_partition_info           0x080084b0      F      144  .text
	mtbv4_init                         0x08008540      F       88  .text
	mtbv4_get_partition_info_with_index0x080085a0      F      118  .text
	mtbv4_crc_check                    0x08008618      F       68  .text
	mtbv4_verify                       0x08008660      F        4  .text
	mtbv4_image_verify                 0x08008664      F      248  .text
	crc32                              0x0800876c      F       36  .text
	sc_rsa_init                        0x08008794      F       56  .text
	sc_rsa_uninit                      0x080087cc      F       30  .text
	sc_rsa_verify                      0x080087ec      F      116  .text
	sc_sha_init                        0x08008860      F       44  .text
	sc_sha_uninit                      0x0800888c      F       30  .text
	sc_sha_start                       0x080088ac      F       80  .text
	sc_sha_update                      0x080088fc      F       46  .text
	sc_sha_finish                      0x0800892c      F       76  .text
	km_init                            0x08008978      F       28  .text
	get_data_from_addr                 0x08008998      F       16  .text
	km_pub_key_init                    0x08008a74      F       74  .text
	xz_crc32_init                      0x08008ad0      F       42  .text
	xz_crc32                           0x08008b04      F       38  .text
	xz_dec_lzma2_create                0x08008ccc      F       66  .text
	xz_dec_lzma2_reset                 0x08008d10      F      108  .text
	xz_dec_lzma2_end                   0x08008d80      F       24  .text
	xz_dec_reset                       0x08008ea4      F       50  .text
	xz_dec_init                        0x08008ed8      F       62  .text
	xz_dec_end                         0x08008f18      F       24  .text
	xz_img_dec_init                    0x08008f30      F       46  .text
	xz_img_dec_with_write              0x08008f68      F      264  .text
	_init                              0x08009088    w F        2  .text
	_fini                              0x0800908c    w F        2  .text
	km_get_pub_key_by_name             0x08009090      F       40  .text
	boot_load_and_jump                 0x080090c0      F      144  .text
	boot_sys_reboot                    0x0800917c      F        8  .text
	main                               0x08009184      F       28  .text
	app_extflash_register              0x080092d4      F       12  .text
	os_realloc                         0x080092e4      F       48  .text
	mp_reverse                         0x08009314      F       34  .text
	wpa_mp_init                        0x08009338      F       52  .text
	mp_clear                           0x0800936c      F       46  .text
	mp_cmp_mag                         0x0800939c      F       78  .text
	mp_cmp                             0x080093ec      F       48  .text
	mp_zero                            0x0800941c      F       30  .text
	mp_rshd                            0x0800943c      F       86  .text
	mp_exch                            0x08009494      F       32  .text
	mp_clamp                           0x080094b4      F       40  .text
	mp_grow                            0x080094dc      F       96  .text
	mp_add                             0x080096a0      F       68  .text
	mp_sub                             0x080096e4      F       70  .text
	mp_copy                            0x08009820      F       94  .text
	mp_init_copy                       0x08009880      F       24  .text
	mp_abs                             0x08009898      F       26  .text
	mp_set                             0x080098b4      F       32  .text
	mp_init_multi                      0x080098d4      F       84  .text
	mp_clear_multi                     0x08009928      F       40  .text
	mp_lshd                            0x08009950      F      112  .text
	mp_mul_2d                          0x080099c0      F      168  .text
	mp_read_unsigned_bin               0x08009a68      F       88  .text
	mp_count_bits                      0x08009ac0      F       44  .text
	mp_mod_2d                          0x08009aec      F      132  .text
	mp_div_2d                          0x08009b70      F      206  .text
	mp_to_unsigned_bin_nr              0x08009c40      F       78  .text
	mp_div                             0x08009c90      F      350  .text
	mp_mod                             0x08009df0      F       88  .text
	mp_2expt                           0x08009e48      F       54  .text
	mp_init_size                       0x08009e80      F       82  .text
	mp_mulmod                          0x08009fe4      F       66  .text
	mp_init_for_read_unsigned_bin      0x0800a028      F       20  .text
	boot_flash_init                    0x0800a0dc      F       24  .text
	writeStatus1                       0x0800a0fc      F       74  .text
	switch_qflash_to_4line             0x0800a148      F      134  .text
	w800_board_init                    0x0800a1d0      F       24  .text
	board_init                         0x0800a1ec      F      152  .text
	fputc                              0x0800a288      F       42  .text
	pre_main                           0x0800a2b8    w F        8  .text
	lzo1z_decompress_safe              0x0800a2c0      F      960  .text
	_lzo_config_check                  0x0800a684      F      426  .text
	__lzo_init_v2                      0x0800a834      F      178  .text
	bs_flash_erase                     0x0800a8e8      F        8  .text
	bs_flash_write                     0x0800a8f0      F        8  .text
	bs_flash_read                      0x0800a8f8      F        8  .text
	decompress_init                    0x0800a900      F       46  .text
	decompress_ram_need                0x0800a930      F        8  .text
	decompress_fun                     0x0800a938      F       66  .text
	memcpy_decide                      0x0800a9b8      F       28  .text
	patch_fun                          0x0800a9d4      F      260  .text
	__diff_contrl_reset                0x0800aafc      F       80  .text
	__diff_contrl_init                 0x0800ab50      F       38  .text
	__diff_contrl_update               0x0800ab7c      F      106  .text
	__diff_contrl_continue             0x0800abec      F      160  .text
	consume_check                      0x0800af00      F      228  .text
	pat_config                         0x0800afec      F       68  .text
	pat_process                        0x0800b034      F     1836  .text
	c2int32                            0x0800b760      F       22  .text
	c2int16                            0x0800b778      F       22  .text
	crc16                              0x0800b790      F       34  .text
	__etext                            0x0800b7c0               0  .text
	xz_dec_lzma2_run                   0x0800bfb4      F     1094  .__sram.code.xz_dec_lzma2_run
	dec_block                          0x0800c3fc      F      290  .ram.code.dec_block
	xz_dec_run                         0x0800c524      F     1374  .ram.code.xz_dec_run
	__srodata                          0x0800ca88               0  .rodata
	__thenan_df                        0x0800cad4      O       20  .rodata
	__clz_tab                          0x0800cae8      O      256  .rodata
	sg_eflash_config                   0x0800cc20      O       32  .rodata
	sg_spiflash_config                 0x0800cc50      O       64  .rodata
	g_scn_img_type                     0x0800d306      O        4  .rodata
	g_scn_key_type                     0x0800d30a      O        2  .rodata
	g_scn_part_type                    0x0800d30c      O        2  .rodata
	_DTYPE_DIFF_NOMAL                  0x0800dbab      O        1  .rodata
	_DTYPE_DIFF_SERAIL                 0x0800dbac      O        1  .rodata
	crc16_table                        0x0800dbae      O      512  .rodata
	__erodata                          0x0800ddb0               0  .rodata
	__Vectors                          0x20010000      O      256  .data
	__data_start__                     0x20010000               0  .data
	__sdata                            0x20010000               0  .data
	data_start                         0x20010000               0  .data
	stderr                             0x20010100      O        4  .data
	stdout                             0x20010120      O        4  .data
	stdin                              0x20010140      O        4  .data
	TLS_FLASH_END_ADDR                 0x200101a0      O        4  .data
	TLS_FLASH_OTA_FLAG_ADDR            0x200101a4      O        4  .data
	TLS_FLASH_PARAM1_ADDR              0x200101a8      O        4  .data
	TLS_FLASH_PARAM2_ADDR              0x200101ac      O        4  .data
	TLS_FLASH_PARAM_DEFAULT            0x200101b0      O        4  .data
	TLS_FLASH_PARAM_RESTORE_ADDR       0x200101b4      O        4  .data
	__data_end__                       0x200102d8               0  .data
	__edata                            0x200102d8               0  .data
	__start_cmd                        0x200102d8               0  .data
	__start_init_call                  0x200102d8               0  .data
	__stop_cmd                         0x200102d8               0  .data
	__stop_init_call                   0x200102d8               0  .data
	__bss_start__                      0x200102d8               0  .bss
	__sbss                             0x200102d8               0  .bss
	g_intstackalloc                    0x200102d8               0  .bss
	g_intstackbase                     0x200102d8               0  .bss
	g_top_irqstack                     0x200182d8               0  .bss
	g_trapstackalloc                   0x200182d8               0  .bss
	g_trapstackbase                    0x200182d8               0  .bss
	g_top_trapstack                    0x200184d8               0  .bss
	g_trap_sp                          0x200184d8      O        4  .bss
	g_km_init                          0x20018c60      O        4  .bss
	xz_decoder                         0x2001a2e0      O        4  .bss
	trap_c_callback                    0x2001a2f8      O        4  .bss
	g_mmheap                           0x2001a2fc      O      328  .bss
	g_upd_mtb                          0x2001a444      O        4  .bss
	g_ctrl_block                       0x2001a448      O       12  .bss
	g_config_bsp_para                  0x2001a454      O       20  .bss
	__bss_end__                        0x2001a468               0  .bss
	__ebss                             0x2001a468               0  .bss
	__end                              0x2001a468               0  .bss
	end                                0x2001a468               0  .bss
	__heap_start                       0x2001a468               0  ._user_heap
	__heap_end                         0x20040000               0  *ABS*

	(w:Weak    d:Deubg    F:Function    f:File name    O:Zero)


======================================================================

Memory Map of the image

    Image Entry point : 0x08002414

    Region I-SRAM (Base: 0x08002400, Size: 0x0000bc88, Max: 0x0000cc00)

    Base Addr    Size         Type   Attr      Idx   Section Name       Object
    0x08002400   0x00000078   Code   RO        190  .text          	startup.o
    0x08002478   0x00000050   Code   RO        196  .text          	vectors.o
    0x080024c8   0x00000028   Code   RO       3513  .text          	_ashldi3.o
    0x080024f0   0x00000058   Code   RO       3519  .text          	_ctzsi2.o
    0x08002548   0x00000038   Code   RO       3525  .text          	_fixunsdfsi.o
    0x08002580   0x00000330   Code   RO       3532  .text          	_addsub_df.o
    0x080028b0   0x00000200   Code   RO       3539  .text          	_mul_df.o
    0x08002ab0   0x00000040   Code   RO       3553  .text          	_ge_df.o
    0x08002af0   0x00000070   Code   RO       3567  .text          	_df_to_si.o
    0x08002b60   0x00000056   Code   RO       3581  .text          	_usi_to_df.o
    0x08002bb6   0x00000002   PAD
    0x08002bb8   0x0000004a   Code   RO       3588  .text          	_muldi3.o
    0x08002c02   0x00000002   PAD
    0x08002c04   0x0000018e   Code   RO       3602  .text          	_pack_df.o
    0x08002d92   0x00000002   PAD
    0x08002d94   0x000000e4   Code   RO       3609  .text          	_unpack_df.o
    0x08002e78   0x000000c2   Code   RO       3616  .text          	_fpcmp_parts_df.o
    0x08002f3a   0x00000002   PAD
    0x08002f3c   0x00000010   Code   RO       3657  .text          	putchar.o
    0x08002f4c   0x0000014a   Code   RO       3689  .text          	memcmp_fast.o
    0x08003096   0x00000002   PAD
    0x08003098   0x0000007e   Code   RO       3700  .text          	memcpy_fast.o
    0x08003116   0x00000002   PAD
    0x08003118   0x000000a0   Code   RO       3706  .text          	memset_fast.o
    0x080031b8   0x000000b8   Code   RO       3711  .text          	memmove_fast.o
    0x08003270   0x00000024   Code   RO       3717  .text          	strncmp.o
    0x08003294   0x0000002c   Code   RO       3723  .text          	strncpy.o
    0x080032c0   0x0000003e   Code   RO       3728  .text          	strlen_fast.o
    0x080032fe   0x00000002   PAD
    0x08003300   0x000000d6   Code   RO       3733  .text          	strcmp_fast.o
    0x080033d6   0x00000002   PAD
    0x080033d8   0x00000008   Code   RO       3991  .text          	putc.o
    0x080033e0   0x00000208   Code   RO        106  .text.drv_pinmux_config	pinmux.o
    0x080035e8   0x00000008   Code   RO        123  .text.drv_reboot	reboot.o
    0x080035f0   0x0000001a   Code   RO        140  .text.drv_get_apb_freq	sys_freq.o
    0x0800360a   0x00000002   PAD
    0x0800360c   0x0000003c   Code   RO        159  .text.SystemInit	system.o
    0x08003648   0x00000078   Code   RO        175  .text.trap_c   	trap_c.o
    0x080036c0   0x00000052   Code   RO        294  .text.target_get	devices.o
    0x08003712   0x00000002   PAD
    0x08003714   0x0000001c   Code   RO        295  .text.target_usart_init	devices.o
    0x08003730   0x0000001c   Code   RO        300  .text.target_get_lspi	devices.o
    0x0800374c   0x00000058   Code   RO        304  .text.target_get_eflash	devices.o
    0x080037a4   0x00000048   Code   RO        305  .text.target_get_spiflash	devices.o
    0x080037ec   0x00000060   Code   RO        334  .text.csi_eflash_initialize	eflash.o
    0x0800384c   0x0000008c   Code   RO        337  .text.csi_eflash_read	eflash.o
    0x080038d8   0x0000008c   Code   RO        338  .text.csi_eflash_program	eflash.o
    0x08003964   0x00000080   Code   RO        339  .text.csi_eflash_erase_sector	eflash.o
    0x080039e4   0x00000002   Code   RO        341  .text.csi_eflash_get_info	eflash.o
    0x080039e6   0x00000002   PAD
    0x080039e8   0x0000001c   Code   RO        623  .text.csi_sha_initialize	sha.o
    0x08003a04   0x00000014   Code   RO        624  .text.csi_sha_uninitialize	sha.o
    0x08003a18   0x00000028   Code   RO        627  .text.csi_sha_config	sha.o
    0x08003a40   0x00000024   Code   RO        628  .text.csi_sha_start	sha.o
    0x08003a64   0x00000030   Code   RO        629  .text.csi_sha_update	sha.o
    0x08003a94   0x00000020   Code   RO        630  .text.csi_sha_finish	sha.o
    0x08003ab4   0x00000048   Code   RO        649  .text.csi_spi_initialize	spi.o
    0x08003afc   0x00000098   Code   RO        677  .text.csi_spiflash_initialize	spiflash.o
    0x08003b94   0x00000054   Code   RO        681  .text.csi_spiflash_read	spiflash.o
    0x08003be8   0x00000054   Code   RO        682  .text.csi_spiflash_program	spiflash.o
    0x08003c3c   0x00000040   Code   RO        683  .text.csi_spiflash_erase_sector	spiflash.o
    0x08003c7c   0x00000008   Code   RO        687  .text.csi_spiflash_get_info	spiflash.o
    0x08003c84   0x00000048   Code   RO        760  .text.uart0Init	uart.o
    0x08003ccc   0x000000e4   Code   RO        762  .text.csi_usart_initialize	uart.o
    0x08003db0   0x000000c4   Code   RO        764  .text.csi_usart_config	uart.o
    0x08003e74   0x00000020   Code   RO        771  .text.csi_usart_putchar	uart.o
    0x08003e94   0x0000002c   Code   RO        869  .text.tls_sys_clk_get	wm_cpu.o
    0x08003ec0   0x0000001c   Code   RO        892  .text.tls_dma_wait_complt	wm_dma.o
    0x08003edc   0x00000072   Code   RO        894  .text.tls_dma_start	wm_dma.o
    0x08003f4e   0x00000002   PAD
    0x08003f50   0x0000003c   Code   RO        895  .text.tls_dma_stop	wm_dma.o
    0x08003f8c   0x00000060   Code   RO        896  .text.tls_dma_request	wm_dma.o
    0x08003fec   0x00000068   Code   RO        897  .text.tls_dma_free	wm_dma.o
    0x08004054   0x00000012   Code   RO        898  .text.tls_dma_init	wm_dma.o
    0x08004066   0x00000002   PAD
    0x08004068   0x00000050   Code   RO        958  .text.tls_spifls_read	wm_fls.o
    0x080040b8   0x00000064   Code   RO        960  .text.tls_spifls_page_write	wm_fls.o
    0x0800411c   0x00000148   Code   RO        961  .text.tls_spifls_write	wm_fls.o
    0x08004264   0x00000034   Code   RO        962  .text.tls_spifls_erase	wm_fls.o
    0x08004298   0x0000003c   Code   RO        966  .text.tls_spifls_drv_register	wm_fls.o
    0x080042d4   0x00000078   Code   RO        968  .text.tls_spifls_probe	wm_fls.o
    0x0800434c   0x00000038   Code   RO        969  .text.tls_spifls_init	wm_fls.o
    0x08004384   0x00000004   Code   RO        987  .text.swap32   	wm_fls_gd25qxx.o
    0x08004388   0x00000004   Code   RO        988  .text.tls_spifls_drv_fast_read	wm_fls_gd25qxx.o
    0x0800438c   0x0000000c   Code   RO        989  .text.tls_spifls_drv_remove	wm_fls_gd25qxx.o
    0x08004398   0x00000020   Code   RO        990  .text.tls_spifls_drv_write_enable	wm_fls_gd25qxx.o
    0x080043b8   0x00000038   Code   RO        991  .text.tls_spifls_drv_wait_write_enable	wm_fls_gd25qxx.o
    0x080043f0   0x00000038   Code   RO        992  .text.tls_spifls_drv_wait_flash_ready	wm_fls_gd25qxx.o
    0x08004428   0x00000030   Code   RO        993  .text.tls_spifls_drv_read	wm_fls_gd25qxx.o
    0x08004458   0x00000044   Code   RO        994  .text.tls_spifls_drv_probe	wm_fls_gd25qxx.o
    0x0800449c   0x0000003a   Code   RO        995  .text.tls_spifls_drv_chip_erase	wm_fls_gd25qxx.o
    0x080044d6   0x00000002   PAD
    0x080044d8   0x00000058   Code   RO        996  .text.tls_spifls_drv_page_write	wm_fls_gd25qxx.o
    0x08004530   0x00000050   Code   RO        997  .text.tls_spifls_drv_erase	wm_fls_gd25qxx.o
    0x08004580   0x00000018   Code   RO        998  .text.tls_spifls_drv_install	wm_fls_gd25qxx.o
    0x08004598   0x000000ac   Code   RO       1018  .text.tls_gpio_cfg	wm_gpio.o
    0x08004644   0x00000014   Code   RO       1046  .text.wm_spi_ck_config	wm_gpio_afsel.o
    0x08004658   0x00000018   Code   RO       1047  .text.wm_spi_cs_config	wm_gpio_afsel.o
    0x08004670   0x00000014   Code   RO       1048  .text.wm_spi_di_config	wm_gpio_afsel.o
    0x08004684   0x00000018   Code   RO       1049  .text.wm_spi_do_config	wm_gpio_afsel.o
    0x0800469c   0x00000010   Code   RO       1050  .text.wm_uart0_tx_config	wm_gpio_afsel.o
    0x080046ac   0x0000001c   Code   RO       1051  .text.wm_uart0_rx_config	wm_gpio_afsel.o
    0x080046c8   0x0000000e   Code   RO       1052  .text.wm_uart1_tx_config	wm_gpio_afsel.o
    0x080046d6   0x00000002   PAD
    0x080046d8   0x0000001c   Code   RO       1053  .text.wm_uart1_rx_config	wm_gpio_afsel.o
    0x080046f4   0x00000010   Code   RO       1054  .text.wm_uart1_rts_config	wm_gpio_afsel.o
    0x08004704   0x00000010   Code   RO       1055  .text.wm_uart1_cts_config	wm_gpio_afsel.o
    0x08004714   0x0000000e   Code   RO       1056  .text.wm_uart2_tx_scio_config	wm_gpio_afsel.o
    0x08004722   0x00000002   PAD
    0x08004724   0x0000001c   Code   RO       1057  .text.wm_uart2_rx_config	wm_gpio_afsel.o
    0x08004740   0x0000000e   Code   RO       1058  .text.wm_uart2_rts_scclk_config	wm_gpio_afsel.o
    0x0800474e   0x00000002   PAD
    0x08004750   0x0000000e   Code   RO       1059  .text.wm_uart2_cts_config	wm_gpio_afsel.o
    0x0800475e   0x00000002   PAD
    0x08004760   0x0000000e   Code   RO       1060  .text.wm_uart3_tx_config	wm_gpio_afsel.o
    0x0800476e   0x00000002   PAD
    0x08004770   0x0000001c   Code   RO       1061  .text.wm_uart3_rx_config	wm_gpio_afsel.o
    0x0800478c   0x0000000e   Code   RO       1062  .text.wm_uart4_tx_config	wm_gpio_afsel.o
    0x0800479a   0x00000002   PAD
    0x0800479c   0x0000001c   Code   RO       1063  .text.wm_uart4_rx_config	wm_gpio_afsel.o
    0x080047b8   0x00000016   Code   RO       1064  .text.wm_i2s_ck_config	wm_gpio_afsel.o
    0x080047ce   0x00000002   PAD
    0x080047d0   0x00000018   Code   RO       1065  .text.wm_i2s_ws_config	wm_gpio_afsel.o
    0x080047e8   0x00000018   Code   RO       1066  .text.wm_i2s_do_config	wm_gpio_afsel.o
    0x08004800   0x00000018   Code   RO       1067  .text.wm_i2s_di_config	wm_gpio_afsel.o
    0x08004818   0x0000000e   Code   RO       1068  .text.wm_i2s_mclk_config	wm_gpio_afsel.o
    0x08004826   0x00000002   PAD
    0x08004828   0x0000000e   Code   RO       1069  .text.wm_i2s_extclk_config	wm_gpio_afsel.o
    0x08004836   0x00000002   PAD
    0x08004838   0x0000002e   Code   RO       1070  .text.wm_i2c_scl_config	wm_gpio_afsel.o
    0x08004866   0x00000002   PAD
    0x08004868   0x0000002e   Code   RO       1071  .text.wm_i2c_sda_config	wm_gpio_afsel.o
    0x08004896   0x00000002   PAD
    0x08004898   0x0000001a   Code   RO       1072  .text.wm_pwm1_config	wm_gpio_afsel.o
    0x080048b2   0x00000002   PAD
    0x080048b4   0x0000001a   Code   RO       1073  .text.wm_pwm2_config	wm_gpio_afsel.o
    0x080048ce   0x00000002   PAD
    0x080048d0   0x00000018   Code   RO       1074  .text.wm_pwm3_config	wm_gpio_afsel.o
    0x080048e8   0x00000018   Code   RO       1075  .text.wm_pwm4_config	wm_gpio_afsel.o
    0x08004900   0x00000018   Code   RO       1076  .text.wm_pwm5_config	wm_gpio_afsel.o
    0x08004918   0x00000028   Code   RO       1080  .text.wm_gpio_af_disable	wm_gpio_afsel.o
    0x08004940   0x00000042   Code   RO       1096  .text.spi_set_mode	wm_hostspi.o
    0x08004982   0x00000002   PAD
    0x08004984   0x0000001c   Code   RO       1097  .text.spi_set_chipselect_mode	wm_hostspi.o
    0x080049a0   0x0000001e   Code   RO       1098  .text.spi_set_sclk_length	wm_hostspi.o
    0x080049be   0x00000002   PAD
    0x080049c0   0x00000010   Code   RO       1099  .text.spi_sclk_start	wm_hostspi.o
    0x080049d0   0x0000000e   Code   RO       1100  .text.spi_i2s_get_busy_status	wm_hostspi.o
    0x080049de   0x00000002   PAD
    0x080049e0   0x00000010   Code   RO       1101  .text.spi_clear_int_status	wm_hostspi.o
    0x080049f0   0x00000024   Code   RO       1102  .text.spi_wait_idle	wm_hostspi.o
    0x08004a14   0x00000036   Code   RO       1103  .text.spi_set_sclk	wm_hostspi.o
    0x08004a4a   0x00000002   PAD
    0x08004a4c   0x0000004c   Code   RO       1104  .text.spi_dma_init	wm_hostspi.o
    0x08004a98   0x000001c0   Code   RO       1105  .text.spi_block_read_dma.part.0.constprop.13	wm_hostspi.o
    0x08004c58   0x00000144   Code   RO       1106  .text.spi_block_write_dma.part.1.constprop.14	wm_hostspi.o
    0x08004d9c   0x0000012c   Code   RO       1107  .text.spi_fill_txfifo	wm_hostspi.o
    0x08004ec8   0x00000128   Code   RO       1108  .text.spi_get_rxfifo	wm_hostspi.o
    0x08004ff0   0x000000b4   Code   RO       1109  .text.tls_spi_tx	wm_hostspi.o
    0x080050a4   0x00000040   Code   RO       1112  .text.tls_spi_trans_type	wm_hostspi.o
    0x080050e4   0x0000009c   Code   RO       1113  .text.tls_spi_init	wm_hostspi.o
    0x08005180   0x00000080   Code   RO       1114  .text.tls_spi_setup	wm_hostspi.o
    0x08005200   0x000000cc   Code   RO       1116  .text.tls_spi_write	wm_hostspi.o
    0x080052cc   0x00000090   Code   RO       1117  .text.tls_spi_write_with_cmd	wm_hostspi.o
    0x0800535c   0x00000198   Code   RO       1118  .text.tls_spi_read_with_cmd	wm_hostspi.o
    0x080054f4   0x00000036   Code   RO       1221  .text.getFlashDensity	wm_internal_fls.o
    0x0800552a   0x00000002   PAD
    0x0800552c   0x00000100   Code   RO       1222  .text.__innerreadbycmd	wm_internal_fls.o
    0x0800562c   0x0000003c   Code   RO       1223  .text.programSR.constprop.2	wm_internal_fls.o
    0x08005668   0x00000028   Code   RO       1224  .text.eraseSector	wm_internal_fls.o
    0x08005690   0x0000001e   Code   RO       1226  .text.readRID  	wm_internal_fls.o
    0x080056ae   0x00000002   PAD
    0x080056b0   0x000000b0   Code   RO       1231  .text.flashRead	wm_internal_fls.o
    0x08005760   0x000000be   Code   RO       1232  .text.__tls_fls_write	wm_internal_fls.o
    0x0800581e   0x00000002   PAD
    0x08005820   0x00000002   Code   RO       1235  .text.tls_fls_sem_lock	wm_internal_fls.o
    0x08005822   0x00000002   PAD
    0x08005824   0x00000002   Code   RO       1236  .text.tls_fls_sem_unlock	wm_internal_fls.o
    0x08005826   0x00000002   PAD
    0x08005828   0x00000032   Code   RO       1237  .text.tls_fls_read	wm_internal_fls.o
    0x0800585a   0x00000002   PAD
    0x0800585c   0x0000000a   Code   RO       1240  .text.tls_fls_write_without_erase	wm_internal_fls.o
    0x08005866   0x00000002   PAD
    0x08005868   0x00000022   Code   RO       1241  .text.tls_fls_erase	wm_internal_fls.o
    0x0800588a   0x00000002   PAD
    0x0800588c   0x00000004   Code   RO       1248  .text.tls_fls_init	wm_internal_fls.o
    0x08005890   0x00000060   Code   RO       1250  .text.tls_fls_sys_param_postion_init	wm_internal_fls.o
    0x080058f0   0x000001b4   Code   RO       1274  .text.tls_io_cfg_set	wm_io.o
    0x08005aa4   0x0000003c   Code   RO       1347  .text.PWM_IRQHandler	wm_pwm.o
    0x08005ae0   0x00000024   Code   RO       1441  .text.tls_sys_reset	wm_watchdog.o
    0x08005b04   0x00000054   Code   RO       1459  .text.hd_sha1_compress	wm_crypto_hard.o
    0x08005b58   0x0000001c   Code   RO       1461  .text.rsaMonMulAB	wm_crypto_hard.o
    0x08005b74   0x0000001c   Code   RO       1462  .text.rsaMonMulBD	wm_crypto_hard.o
    0x08005b90   0x00000034   Code   RO       1482  .text.tls_crypto_sha1_init	wm_crypto_hard.o
    0x08005bc4   0x0000005c   Code   RO       1483  .text.tls_crypto_sha1_update	wm_crypto_hard.o
    0x08005c20   0x000000ea   Code   RO       1484  .text.tls_crypto_sha1_final	wm_crypto_hard.o
    0x08005d0a   0x00000002   PAD
    0x08005d0c   0x0000026c   Code   RO       1488  .text.tls_crypto_exptmod	wm_crypto_hard.o
    0x08005f78   0x0000001a   Code   RO       1490  .text.target_get_rsa	wm_crypto_hard.o
    0x08005f92   0x00000002   PAD
    0x08005f94   0x0000001c   Code   RO       1595  .text.mem_alloc_debug	wm_mem.o
    0x08005fb0   0x00000018   Code   RO       1596  .text.mem_free_debug	wm_mem.o
    0x08005fc8   0x00000004   Code   RO       1717  .text.tls_os_set_critical	wm_osal.o
    0x08005fcc   0x00000002   Code   RO       1718  .text.tls_os_release_critical	wm_osal.o
    0x08005fce   0x00000002   PAD
    0x08005fd0   0x00000042   Code   RO       1738  .text.convert_byte_array	wm_rsa.o
    0x08006012   0x00000002   PAD
    0x08006014   0x0000001e   Code   RO       1739  .text.convert_buf_to_bndata	wm_rsa.o
    0x08006032   0x00000002   PAD
    0x08006034   0x000000e6   Code   RO       1740  .text.rsa_exptmod.part.4	wm_rsa.o
    0x0800611a   0x00000002   PAD
    0x0800611c   0x00000130   Code   RO       1744  .text.rsa_verify	wm_rsa.o
    0x0800624c   0x00000058   Code   RO       1746  .text.csi_rsa_initialize	wm_rsa.o
    0x080062a4   0x00000014   Code   RO       1747  .text.csi_rsa_uninitialize	wm_rsa.o
    0x080062b8   0x0000005c   Code   RO       1750  .text.csi_rsa_config	wm_rsa.o
    0x08006314   0x000000bc   Code   RO       1754  .text.csi_rsa_verify	wm_rsa.o
    0x080063d0   0x00000008   Code   RO       1778  .text.diff_bsp_flash_read	diff_port.o
    0x080063d8   0x00000008   Code   RO       1779  .text.diff_bsp_flash_write	diff_port.o
    0x080063e0   0x00000008   Code   RO       1780  .text.diff_bsp_flash_erase	diff_port.o
    0x080063e8   0x00000008   Code   RO       1781  .text.diff_malloc	diff_port.o
    0x080063f0   0x00000008   Code   RO       1782  .text.diff_free	diff_port.o
    0x080063f8   0x00000014   Code   RO       1798  .text.malloc   	malloc.o
    0x0800640c   0x00000014   Code   RO       1799  .text.free     	malloc.o
    0x08006420   0x00000018   Code   RO       1825  .text.printchar	printf.o
    0x08006438   0x0000008e   Code   RO       1826  .text.prints   	printf.o
    0x080064c6   0x00000002   PAD
    0x080064c8   0x000000ae   Code   RO       1827  .text.printi   	printf.o
    0x08006576   0x00000002   PAD
    0x08006578   0x0000015c   Code   RO       1828  .text.print    	printf.o
    0x080066d4   0x00000020   Code   RO       1829  .text.printf   	printf.o
    0x080066f4   0x0000003e   Code   RO       1892  .text.mm_addfreechunk	mm_addfreechunk.o
    0x08006732   0x00000002   PAD
    0x08006734   0x000000b4   Code   RO       1908  .text.mm_free  	mm_free.o
    0x080067e8   0x0000005e   Code   RO       1924  .text.mm_addregion	mm_initialize.o
    0x08006846   0x00000002   PAD
    0x08006848   0x00000038   Code   RO       1925  .text.mm_initialize	mm_initialize.o
    0x08006880   0x00000020   Code   RO       1926  .text.mm_heap_initialize	mm_initialize.o
    0x080068a0   0x0000004e   Code   RO       1985  .text.mm_mallinfo	mm_mallinfo.o
    0x080068ee   0x00000002   PAD
    0x080068f0   0x0000003c   Code   RO       1986  .text.mm_max_usedsize_update	mm_mallinfo.o
    0x0800692c   0x0000009c   Code   RO       2005  .text.mm_malloc	mm_malloc.o
    0x080069c8   0x0000001c   Code   RO       2022  .text.mm_size2ndx	mm_size2ndx.o
    0x080069e4   0x00000034   Code   RO       2037  .text.boot_flash_info_get	boot_flash_porting.o
    0x08006a18   0x00000028   Code   RO       2038  .text.boot_flash_read	boot_flash_porting.o
    0x08006a40   0x00000028   Code   RO       2039  .text.boot_flash_write	boot_flash_porting.o
    0x08006a68   0x00000024   Code   RO       2040  .text.boot_flash_erase	boot_flash_porting.o
    0x08006a8c   0x0000008c   Code   RO       2056  .text.boot_main	boot_main.o
    0x08006b18   0x00000044   Code   RO       2075  .text.boot_is_no_needed_ota	boot_virtual.o
    0x08006b5c   0x00000098   Code   RO       2094  .text.update_path	update_core.o
    0x08006bf4   0x00000064   Code   RO       2095  .text.update_init	update_core.o
    0x08006c58   0x00000020   Code   RO       2113  .text.diff_init_config	update_diff.o
    0x08006c78   0x00000014   Code   RO       2114  .text.diff_updata_img	update_diff.o
    0x08006c8c   0x0000006c   Code   RO       2131  .text.program_manifest_tb	update_mtb.o
    0x08006cf8   0x00000178   Code   RO       2135  .text.mtb_update_backup	update_mtb.o
    0x08006e70   0x0000006c   Code   RO       2136  .text.mtb_update_valid	update_mtb.o
    0x08006edc   0x000000d0   Code   RO       2155  .text.update_image	update_misc_man.o
    0x08006fac   0x00000018   Code   RO       2156  .text.misc_reset	update_misc_man.o
    0x08006fc4   0x00000038   Code   RO       2157  .text.misc_init	update_misc_man.o
    0x08006ffc   0x00000110   Code   RO       2158  .text.misc_file_check	update_misc_man.o
    0x0800710c   0x0000001c   Code   RO       2159  .text.misc_next_imager	update_misc_man.o
    0x08007128   0x00000048   Code   RO       2160  .text.misc_get_imager_info	update_misc_man.o
    0x08007170   0x0000000c   Code   RO       2161  .text.misc_get_scn_img_info	update_misc_man.o
    0x0800717c   0x00000128   Code   RO       2162  .text.misc_set_update_fd	update_misc_man.o
    0x080072a4   0x000001ec   Code   RO       2163  .text.misc_update_path	update_misc_man.o
    0x08007490   0x000001c4   Code   RO       2164  .text.misc_get_update_fd	update_misc_man.o
    0x08007654   0x00000030   Code   RO       2165  .text.misc_get_app_version	update_misc_man.o
    0x08007684   0x00000148   Code   RO       2191  .text.partition_init	partition.o
    0x080077cc   0x00000020   Code   RO       2192  .text.partition_info_get	partition.o
    0x080077ec   0x0000005c   Code   RO       2193  .text.partition_open	partition.o
    0x08007848   0x00000018   Code   RO       2194  .text.partition_close	partition.o
    0x08007860   0x00000016   Code   RO       2200  .text.partition_verify	partition.o
    0x08007876   0x00000002   PAD
    0x08007878   0x00000070   Code   RO       2201  .text.partition_all_verify	partition.o
    0x080078e8   0x00000038   Code   RO       2203  .text.get_flashid_by_abs_addr	partition.o
    0x08007920   0x00000004   Code   RO       2225  .text.part_flash_open	partition_flash.o
    0x08007924   0x00000004   Code   RO       2226  .text.part_flash_close	partition_flash.o
    0x08007928   0x00000004   Code   RO       2227  .text.part_flash_info_get	partition_flash.o
    0x0800792c   0x00000004   Code   RO       2228  .text.part_flash_write	partition_flash.o
    0x08007930   0x00000004   Code   RO       2229  .text.part_flash_erase	partition_flash.o
    0x08007934   0x0000000e   Code   RO       2230  .text.part_flash_read	partition_flash.o
    0x08007942   0x00000002   PAD
    0x08007944   0x0000003c   Code   RO       2231  .text.partition_flash_register	partition_flash.o
    0x08007980   0x00000028   Code   RO       2232  .text.partition_flash_register_default	partition_flash.o
    0x080079a8   0x00000030   Code   RO       2233  .text.partition_flash_open	partition_flash.o
    0x080079d8   0x00000028   Code   RO       2234  .text.partition_flash_close	partition_flash.o
    0x08007a00   0x00000028   Code   RO       2235  .text.partition_flash_info_get	partition_flash.o
    0x08007a28   0x00000030   Code   RO       2236  .text.partition_flash_read	partition_flash.o
    0x08007a58   0x00000030   Code   RO       2237  .text.partition_flash_write	partition_flash.o
    0x08007a88   0x0000002c   Code   RO       2238  .text.partition_flash_erase	partition_flash.o
    0x08007ab4   0x0000000a   Code   RO       2257  .text.copy_data	verify.o
    0x08007abe   0x00000002   PAD
    0x08007ac0   0x000000aa   Code   RO       2258  .text.hash_update	verify.o
    0x08007b6a   0x00000002   PAD
    0x08007b6c   0x00000018   Code   RO       2259  .text.get_length_with_digest_type	verify.o
    0x08007b84   0x00000018   Code   RO       2260  .text.get_length_with_signature_type	verify.o
    0x08007b9c   0x00000098   Code   RO       2261  .text.hash_calc_start	verify.o
    0x08007c34   0x000000d4   Code   RO       2262  .text.signature_verify_start	verify.o
    0x08007d08   0x00000026   Code   RO       2263  .text.crc32_calc_start	verify.o
    0x08007d2e   0x00000002   PAD
    0x08007d30   0x00000010   Code   RO       2285  .text.get_data_from_faddr	mtb.o
    0x08007d40   0x000000e0   Code   RO       2286  .text.mtb_init 	mtb.o
    0x08007e20   0x00000038   Code   RO       2288  .text.mtb_image_verify	mtb.o
    0x08007e58   0x00000012   Code   RO       2289  .text.mtb_get_bmtb_size	mtb.o
    0x08007e6a   0x00000002   PAD
    0x08007e6c   0x00000058   Code   RO       2291  .text.mtb_get_partition_info	mtb.o
    0x08007ec4   0x00000058   Code   RO       2292  .text.mtb_get_img_info	mtb.o
    0x08007f1c   0x00000060   Code   RO       2293  .text.get_section_buf	mtb.o
    0x08007f7c   0x000000bc   Code   RO       2295  .text.get_sys_partition	mtb.o
    0x08008038   0x00000008   Code   RO       2297  .text.mtb_get  	mtb.o
    0x08008040   0x0000000a   Code   RO       2317  .text.mtb_version	mtbv.o
    0x0800804a   0x00000002   PAD
    0x0800804c   0x0000004c   Code   RO       2318  .text.get_scn_offset.isra.0	mtbv.o
    0x08008098   0x000000a6   Code   RO       2320  .text.get_section_addr	mtbv.o
    0x0800813e   0x00000002   PAD
    0x08008140   0x000000c8   Code   RO       2321  .text.mtbv_get_part_info	mtbv.o
    0x08008208   0x0000007c   Code   RO       2322  .text.mtbv_get_img_info	mtbv.o
    0x08008284   0x000000a6   Code   RO       2323  .text.get_img_check_result	mtbv.o
    0x0800832a   0x00000002   PAD
    0x0800832c   0x00000124   Code   RO       2324  .text.mtbv_check_imginfo	mtbv.o
    0x08008450   0x00000040   Code   RO       2325  .text.mtbv_init	mtbv.o
    0x08008490   0x00000012   Code   RO       2326  .text.mtbv_image_verify	mtbv.o
    0x080084a2   0x00000002   PAD
    0x080084a4   0x0000000c   Code   RO       2357  .text.mtbv4_partition_count	mtbv4.o
    0x080084b0   0x00000090   Code   RO       2358  .text.mtbv4_get_partition_info	mtbv4.o
    0x08008540   0x00000060   Code   RO       2359  .text.mtbv4_init	mtbv4.o
    0x080085a0   0x00000076   Code   RO       2360  .text.mtbv4_get_partition_info_with_index	mtbv4.o
    0x08008616   0x00000002   PAD
    0x08008618   0x00000048   Code   RO       2361  .text.mtbv4_crc_check	mtbv4.o
    0x08008660   0x00000004   Code   RO       2362  .text.mtbv4_verify	mtbv4.o
    0x08008664   0x00000108   Code   RO       2363  .text.mtbv4_image_verify	mtbv4.o
    0x0800876c   0x00000028   Code   RO       2382  .text.crc32    	crc32.o
    0x08008794   0x00000038   Code   RO       2607  .text.sc_rsa_init	sec_mcu_rsa.o
    0x080087cc   0x0000001e   Code   RO       2608  .text.sc_rsa_uninit	sec_mcu_rsa.o
    0x080087ea   0x00000002   PAD
    0x080087ec   0x00000074   Code   RO       2615  .text.sc_rsa_verify	sec_mcu_rsa.o
    0x08008860   0x0000002c   Code   RO       2639  .text.sc_sha_init	sec_mcu_sha.o
    0x0800888c   0x0000001e   Code   RO       2640  .text.sc_sha_uninit	sec_mcu_sha.o
    0x080088aa   0x00000002   PAD
    0x080088ac   0x00000050   Code   RO       2643  .text.sc_sha_start	sec_mcu_sha.o
    0x080088fc   0x0000002e   Code   RO       2644  .text.sc_sha_update	sec_mcu_sha.o
    0x0800892a   0x00000002   PAD
    0x0800892c   0x0000004c   Code   RO       2646  .text.sc_sha_finish	sec_mcu_sha.o
    0x08008978   0x00000020   Code   RO       2662  .text.km_init  	key_mgr.o
    0x08008998   0x00000010   Code   RO       2712  .text.get_data_from_addr	key_mgr_port.o
    0x080089a8   0x000000cc   Code   RO       2728  .text.pkey_part_init	key_mgr_pub_key.o
    0x08008a74   0x0000005c   Code   RO       2731  .text.km_pub_key_init	key_mgr_pub_key.o
    0x08008ad0   0x00000034   Code   RO       2750  .text.xz_crc32_init	xz_crc32.o
    0x08008b04   0x0000002c   Code   RO       2751  .text.xz_crc32 	xz_crc32.o
    0x08008b30   0x0000019a   Code   RO       2796  .text.lzma_len 	xz_dec_lzma2.o
    0x08008cca   0x00000002   PAD
    0x08008ccc   0x00000042   Code   RO       2801  .text.xz_dec_lzma2_create	xz_dec_lzma2.o
    0x08008d0e   0x00000002   PAD
    0x08008d10   0x00000070   Code   RO       2802  .text.xz_dec_lzma2_reset	xz_dec_lzma2.o
    0x08008d80   0x00000018   Code   RO       2803  .text.xz_dec_lzma2_end	xz_dec_lzma2.o
    0x08008d98   0x00000016   Code   RO       2820  .text.get_unaligned_le32	xz_dec_stream.o
    0x08008dae   0x00000002   PAD
    0x08008db0   0x0000006a   Code   RO       2821  .text.dec_vli  	xz_dec_stream.o
    0x08008e1a   0x00000002   PAD
    0x08008e1c   0x00000038   Code   RO       2822  .text.index_update	xz_dec_stream.o
    0x08008e54   0x0000004e   Code   RO       2823  .text.fill_temp	xz_dec_stream.o
    0x08008ea2   0x00000002   PAD
    0x08008ea4   0x00000032   Code   RO       2825  .text.xz_dec_reset	xz_dec_stream.o
    0x08008ed6   0x00000002   PAD
    0x08008ed8   0x0000003e   Code   RO       2828  .text.xz_dec_init	xz_dec_stream.o
    0x08008f16   0x00000002   PAD
    0x08008f18   0x00000018   Code   RO       2829  .text.xz_dec_end	xz_dec_stream.o
    0x08008f30   0x00000038   Code   RO       2866  .text.xz_img_dec_init	xz_dec.o
    0x08008f68   0x00000120   Code   RO       2867  .text.xz_img_dec_with_write	xz_dec.o
    0x08009088   0x00000002   Code   RO       2888  .text._init    	_init.o
    0x0800908a   0x00000002   PAD
    0x0800908c   0x00000002   Code   RO       2889  .text._fini    	_init.o
    0x0800908e   0x00000002   PAD
    0x08009090   0x00000030   Code   RO       2903  .text.km_get_pub_key_by_name	app_main.o
    0x080090c0   0x000000bc   Code   RO       2904  .text.boot_load_and_jump	app_main.o
    0x0800917c   0x00000008   Code   RO       2905  .text.boot_sys_reboot	app_main.o
    0x08009184   0x0000001c   Code   RO       2906  .text.startup.main	app_main.o
    0x080091a0   0x00000004   Code   RO       2925  .text.extflash_close	extern_flash.o
    0x080091a4   0x00000028   Code   RO       2926  .text.extflash_info_get	extern_flash.o
    0x080091cc   0x00000060   Code   RO       2927  .text.extflash_erase	extern_flash.o
    0x0800922c   0x0000004c   Code   RO       2928  .text.extflash_write	extern_flash.o
    0x08009278   0x00000050   Code   RO       2929  .text.extflash_read	extern_flash.o
    0x080092c8   0x0000000c   Code   RO       2930  .text.extflash_open	extern_flash.o
    0x080092d4   0x00000010   Code   RO       2931  .text.app_extflash_register	extern_flash.o
    0x080092e4   0x00000030   Code   RO       2954  .text.os_realloc	libtommath.o
    0x08009314   0x00000022   Code   RO       2955  .text.mp_reverse	libtommath.o
    0x08009336   0x00000002   PAD
    0x08009338   0x00000034   Code   RO       2956  .text.wpa_mp_init	libtommath.o
    0x0800936c   0x0000002e   Code   RO       2957  .text.mp_clear 	libtommath.o
    0x0800939a   0x00000002   PAD
    0x0800939c   0x0000004e   Code   RO       2959  .text.mp_cmp_mag	libtommath.o
    0x080093ea   0x00000002   PAD
    0x080093ec   0x00000030   Code   RO       2960  .text.mp_cmp   	libtommath.o
    0x0800941c   0x0000001e   Code   RO       2961  .text.mp_zero  	libtommath.o
    0x0800943a   0x00000002   PAD
    0x0800943c   0x00000056   Code   RO       2962  .text.mp_rshd  	libtommath.o
    0x08009492   0x00000002   PAD
    0x08009494   0x00000020   Code   RO       2963  .text.mp_exch  	libtommath.o
    0x080094b4   0x00000028   Code   RO       2964  .text.mp_clamp 	libtommath.o
    0x080094dc   0x00000060   Code   RO       2965  .text.mp_grow  	libtommath.o
    0x0800953c   0x000000c2   Code   RO       2966  .text.s_mp_add 	libtommath.o
    0x080095fe   0x00000002   PAD
    0x08009600   0x000000a0   Code   RO       2967  .text.s_mp_sub 	libtommath.o
    0x080096a0   0x00000044   Code   RO       2968  .text.mp_add   	libtommath.o
    0x080096e4   0x00000046   Code   RO       2969  .text.mp_sub   	libtommath.o
    0x0800972a   0x00000002   PAD
    0x0800972c   0x000000f2   Code   RO       2970  .text.fast_s_mp_mul_digs	libtommath.o
    0x0800981e   0x00000002   PAD
    0x08009820   0x0000005e   Code   RO       2971  .text.mp_copy  	libtommath.o
    0x0800987e   0x00000002   PAD
    0x08009880   0x00000018   Code   RO       2972  .text.mp_init_copy	libtommath.o
    0x08009898   0x0000001a   Code   RO       2973  .text.mp_abs   	libtommath.o
    0x080098b2   0x00000002   PAD
    0x080098b4   0x00000020   Code   RO       2974  .text.mp_set   	libtommath.o
    0x080098d4   0x00000054   Code   RO       2975  .text.mp_init_multi	libtommath.o
    0x08009928   0x00000028   Code   RO       2976  .text.mp_clear_multi	libtommath.o
    0x08009950   0x00000070   Code   RO       2977  .text.mp_lshd  	libtommath.o
    0x080099c0   0x000000a8   Code   RO       2978  .text.mp_mul_2d	libtommath.o
    0x08009a68   0x00000058   Code   RO       2979  .text.mp_read_unsigned_bin	libtommath.o
    0x08009ac0   0x0000002c   Code   RO       2980  .text.mp_count_bits	libtommath.o
    0x08009aec   0x00000084   Code   RO       2982  .text.mp_mod_2d	libtommath.o
    0x08009b70   0x000000ce   Code   RO       2983  .text.mp_div_2d	libtommath.o
    0x08009c3e   0x00000002   PAD
    0x08009c40   0x0000004e   Code   RO       2984  .text.mp_to_unsigned_bin_nr	libtommath.o
    0x08009c8e   0x00000002   PAD
    0x08009c90   0x0000015e   Code   RO       2986  .text.mp_div   	libtommath.o
    0x08009dee   0x00000002   PAD
    0x08009df0   0x00000058   Code   RO       2987  .text.mp_mod   	libtommath.o
    0x08009e48   0x00000036   Code   RO       2988  .text.mp_2expt 	libtommath.o
    0x08009e7e   0x00000002   PAD
    0x08009e80   0x00000052   Code   RO       2991  .text.mp_init_size	libtommath.o
    0x08009ed2   0x00000002   PAD
    0x08009ed4   0x000000d6   Code   RO       2992  .text.s_mp_mul_digs	libtommath.o
    0x08009faa   0x00000002   PAD
    0x08009fac   0x00000036   Code   RO       2993  .text.mp_mul   	libtommath.o
    0x08009fe2   0x00000002   PAD
    0x08009fe4   0x00000042   Code   RO       2994  .text.mp_mulmod	libtommath.o
    0x0800a026   0x00000002   PAD
    0x0800a028   0x00000014   Code   RO       2996  .text.mp_init_for_read_unsigned_bin	libtommath.o
    0x0800a03c   0x00000044   Code   RO       3018  .text._boot_flash_erase	flash_ops.o
    0x0800a080   0x00000014   Code   RO       3019  .text._boot_flash_write	flash_ops.o
    0x0800a094   0x00000014   Code   RO       3020  .text._boot_flash_read	flash_ops.o
    0x0800a0a8   0x00000034   Code   RO       3021  .text._boot_flash_info_get	flash_ops.o
    0x0800a0dc   0x00000020   Code   RO       3022  .text.boot_flash_init	flash_ops.o
    0x0800a0fc   0x0000004a   Code   RO       3042  .text.writeStatus1	board.o
    0x0800a146   0x00000002   PAD
    0x0800a148   0x00000086   Code   RO       3043  .text.switch_qflash_to_4line	board.o
    0x0800a1ce   0x00000002   PAD
    0x0800a1d0   0x0000001c   Code   RO       3046  .text.w800_board_init	board.o
    0x0800a1ec   0x0000009c   Code   RO       3047  .text.board_init	board.o
    0x0800a288   0x00000030   Code   RO       3048  .text.fputc    	board.o
    0x0800a2b8   0x00000008   Code   RO       3066  .text.pre_main 	pre_main.o
    0x0800a2c0   0x000003c0   Code   RO       3166  .text.lzo1z_decompress_safe	lzo1z_d2.o
    0x0800a680   0x00000004   Code   RO       3214  .text.u2p      	lzo_init.o
    0x0800a684   0x000001b0   Code   RO       3215  .text._lzo_config_check	lzo_init.o
    0x0800a834   0x000000b2   Code   RO       3216  .text.__lzo_init_v2	lzo_init.o
    0x0800a8e6   0x00000002   PAD
    0x0800a8e8   0x00000008   Code   RO       3292  .text.bs_flash_erase	bsp_port.o
    0x0800a8f0   0x00000008   Code   RO       3293  .text.bs_flash_write	bsp_port.o
    0x0800a8f8   0x00000008   Code   RO       3294  .text.bs_flash_read	bsp_port.o
    0x0800a900   0x0000002e   Code   RO       3337  .text.decompress_init	decompress_api.o
    0x0800a92e   0x00000002   PAD
    0x0800a930   0x00000008   Code   RO       3338  .text.decompress_ram_need	decompress_api.o
    0x0800a938   0x00000042   Code   RO       3339  .text.decompress_fun	decompress_api.o
    0x0800a97a   0x00000002   PAD
    0x0800a97c   0x0000003c   Code   RO       3356  .text.offtin   	batch.o
    0x0800a9b8   0x0000001c   Code   RO       3357  .text.memcpy_decide	batch.o
    0x0800a9d4   0x00000104   Code   RO       3358  .text.patch_fun	batch.o
    0x0800aad8   0x00000022   Code   RO       3387  .text.__diff_format_data	contrl_double.o
    0x0800aafa   0x00000002   PAD
    0x0800aafc   0x00000054   Code   RO       3388  .text.__diff_contrl_reset	contrl_double.o
    0x0800ab50   0x0000002c   Code   RO       3389  .text.__diff_contrl_init	contrl_double.o
    0x0800ab7c   0x00000070   Code   RO       3390  .text.__diff_contrl_update	contrl_double.o
    0x0800abec   0x000000a4   Code   RO       3391  .text.__diff_contrl_continue	contrl_double.o
    0x0800ac90   0x00000050   Code   RO       3408  .text.get_piece_img_pair_offset	packet_format.o
    0x0800ace0   0x0000001e   Code   RO       3409  .text.piece_img_pair_addr	packet_format.o
    0x0800acfe   0x00000002   PAD
    0x0800ad00   0x00000064   Code   RO       3410  .text.get_backup_addr	packet_format.o
    0x0800ad64   0x000000a0   Code   RO       3411  .text.check_update_status	packet_format.o
    0x0800ae04   0x00000020   Code   RO       3412  .text.buf_uinit	packet_format.o
    0x0800ae24   0x000000dc   Code   RO       3413  .text.img_write	packet_format.o
    0x0800af00   0x000000ec   Code   RO       3416  .text.consume_check	packet_format.o
    0x0800afec   0x00000048   Code   RO       3417  .text.pat_config	packet_format.o
    0x0800b034   0x0000072c   Code   RO       3418  .text.pat_process	packet_format.o
    0x0800b760   0x00000016   Code   RO       3443  .text.c2int32  	bank.o
    0x0800b776   0x00000002   PAD
    0x0800b778   0x00000016   Code   RO       3444  .text.c2int16  	bank.o
    0x0800b78e   0x00000002   PAD
    0x0800b790   0x00000028   Code   RO       3477  .text.crc16    	verify.o
    0x0800b7b8   0x00000008   PAD
    0x0800b7c0   0x00000062   Code   RO       2797  .__sram.code.dict_repeat	xz_dec_lzma2.o
    0x0800b824   0x00000790   Code   RO       2798  .__sram.code.lzma_main	xz_dec_lzma2.o
    0x0800bfb4   0x00000446   Code   RO       2799  .__sram.code.xz_dec_lzma2_run	xz_dec_lzma2.o
    0x0800c3fc   0x00000128   Code   RO       2824  .ram.code.dec_block	xz_dec_stream.o
    0x0800c524   0x00000564   Code   RO       2826  .ram.code.xz_dec_run	xz_dec_stream.o
    0x0800ca88   0x00000024   Data   RO       2800  .rodata        	xz_dec_lzma2.o
    0x0800caac   0x00000028   Data   RO       2827  .rodata        	xz_dec_stream.o
    0x0800cad4   0x00000014   Data   RO       3577  .rodata        	_thenan_df.o
    0x0800cae8   0x00000100   Data   RO       3598  .rodata        	_clz.o
    0x0800cbe8   0x00000036   Data   RO        176  .rodata.trap_c.str1.1	trap_c.o
    0x0800cc1e   0x00000002   PAD
    0x0800cc20   0x00000020   Data   RO        307  .rodata.sg_eflash_config	devices.o
    0x0800cc40   0x00000010   Data   RO        311  .rodata.sg_lspi_config	devices.o
    0x0800cc50   0x00000040   Data   RO        315  .rodata.sg_spiflash_config	devices.o
    0x0800cc90   0x00000040   Data   RO        317  .rodata.sg_usart_config	devices.o
    0x0800ccd0   0x0000001d   Data   RO        691  .rodata.csi_spiflash_initialize.str1.1	spiflash.o
    0x0800cced   0x00000025   Data   RO        901  .rodata.tls_dma_request.str1.1	wm_dma.o
    0x0800cd12   0x00000012   Data   RO       1759  .rodata.der_md5_t	wm_rsa.o
    0x0800cd24   0x0000000f   Data   RO       1760  .rodata.der_sha1_t	wm_rsa.o
    0x0800cd33   0x00000013   Data   RO       1761  .rodata.der_sha256_t	wm_rsa.o
    0x0800cd46   0x00000007   Data   RO       1831  .rodata.print.str1.1	printf.o
    0x0800cd4d   0x00000024   Data   RO       1989  .rodata.mm_max_usedsize_update.str1.1	mm_mallinfo.o
    0x0800cd71   0x0000001d   Data   RO       2006  .rodata.mm_malloc.str1.1	mm_malloc.o
    0x0800cd8e   0x00000088   Data   RO       2057  .rodata.boot_main.str1.1	boot_main.o
    0x0800ce16   0x00000016   Data   RO       2076  .rodata.__func__.5096	boot_virtual.o
    0x0800ce2c   0x00000023   Data   RO       2077  .rodata.boot_is_no_needed_ota.str1.1	boot_virtual.o
    0x0800ce4f   0x0000001e   Data   RO       2096  .rodata.update_init.str1.1	update_core.o
    0x0800ce6d   0x0000005e   Data   RO       2097  .rodata.update_path.str1.1	update_core.o
    0x0800cecb   0x0000004c   Data   RO       2137  .rodata.mtb_update_backup.str1.1	update_mtb.o
    0x0800cf17   0x00000024   Data   RO       2138  .rodata.mtb_update_valid.str1.1	update_mtb.o
    0x0800cf3b   0x00000034   Data   RO       2139  .rodata.program_manifest_tb.str1.1	update_mtb.o
    0x0800cf6f   0x00000072   Data   RO       2170  .rodata.misc_file_check.str1.1	update_misc_man.o
    0x0800cfe1   0x00000032   Data   RO       2171  .rodata.misc_get_update_fd.str1.1	update_misc_man.o
    0x0800d013   0x00000046   Data   RO       2172  .rodata.misc_set_update_fd.str1.1	update_misc_man.o
    0x0800d059   0x000000f8   Data   RO       2173  .rodata.misc_update_path.str1.1	update_misc_man.o
    0x0800d151   0x00000096   Data   RO       2174  .rodata.update_image.str1.1	update_misc_man.o
    0x0800d1e7   0x00000001   PAD
    0x0800d1e8   0x00000020   Data   RO       2241  .rodata.default_flash_ops	partition_flash.o
    0x0800d208   0x00000006   Data   RO       2266  .rodata.CSWTCH.10	verify.o
    0x0800d20e   0x00000008   Data   RO       2267  .rodata.CSWTCH.12	verify.o
    0x0800d216   0x0000001a   Data   RO       2268  .rodata.hash_calc_start.str1.1	verify.o
    0x0800d230   0x00000042   Data   RO       2269  .rodata.signature_verify_start.str1.1	verify.o
    0x0800d272   0x00000034   Data   RO       2299  .rodata.get_section_buf.str1.1	mtb.o
    0x0800d2a6   0x00000060   Data   RO       2301  .rodata.mtb_init.str1.1	mtb.o
    0x0800d306   0x00000004   Data   RO       2331  .rodata.g_scn_img_type	mtbv.o
    0x0800d30a   0x00000002   Data   RO       2332  .rodata.g_scn_key_type	mtbv.o
    0x0800d30c   0x00000002   Data   RO       2333  .rodata.g_scn_part_type	mtbv.o
    0x0800d30e   0x0000003a   Data   RO       2334  .rodata.get_scn_offset.isra.0.str1.1	mtbv.o
    0x0800d348   0x00000070   Data   RO       2335  .rodata.mtbv_check_imginfo.str1.1	mtbv.o
    0x0800d3b8   0x0000001e   Data   RO       2336  .rodata.mtbv_get_img_info.str1.1	mtbv.o
    0x0800d3d6   0x0000003f   Data   RO       2337  .rodata.mtbv_get_part_info.str1.1	mtbv.o
    0x0800d415   0x00000027   Data   RO       2364  .rodata.mtbv4_crc_check.str1.1	mtbv4.o
    0x0800d43c   0x00000067   Data   RO       2365  .rodata.mtbv4_image_verify.str1.1	mtbv4.o
    0x0800d4a3   0x0000001a   Data   RO       2366  .rodata.mtbv4_init.str1.1	mtbv4.o
    0x0800d4bd   0x00000003   PAD
    0x0800d4c0   0x00000400   Data   RO       2383  .rodata.crc32_table	crc32.o
    0x0800d8c0   0x00000008   Data   RO       2733  .rodata.km_pub_key_init.str1.1	key_mgr_pub_key.o
    0x0800d8c8   0x00000062   Data   RO       2734  .rodata.pkey_part_init.str1.1	key_mgr_pub_key.o
    0x0800d92a   0x0000001e   Data   RO       2804  .rodata.xz_dec_lzma2_reset.str1.1	xz_dec_lzma2.o
    0x0800d948   0x00000010   Data   RO       2830  .rodata.check_sizes	xz_dec_stream.o
    0x0800d958   0x00000009   Data   RO       2831  .rodata.str1.1 	xz_dec_stream.o
    0x0800d961   0x00000003   PAD
    0x0800d964   0x00000020   Data   RO       2868  .rodata.xz_img_dec_with_write	xz_dec.o
    0x0800d984   0x00000018   Data   RO       2871  .rodata.xz_img_dec_init.str1.1	xz_dec.o
    0x0800d99c   0x000000a8   Data   RO       2872  .rodata.xz_img_dec_with_write.str1.1	xz_dec.o
    0x0800da44   0x00000060   Data   RO       2907  .rodata.boot_load_and_jump.str1.1	app_main.o
    0x0800daa4   0x00000080   Data   RO       2908  .rodata.g_pubkey_rsa1024.5353	app_main.o
    0x0800db24   0x0000001e   Data   RO       2909  .rodata.km_get_pub_key_by_name.str1.1	app_main.o
    0x0800db42   0x00000002   PAD
    0x0800db44   0x00000020   Data   RO       2934  .rodata.extern_flash_ops	extern_flash.o
    0x0800db64   0x00000015   Data   RO       2935  .rodata.extflash_erase.str1.1	extern_flash.o
    0x0800db79   0x00000014   Data   RO       2936  .rodata.extflash_read.str1.1	extern_flash.o
    0x0800db8d   0x00000015   Data   RO       2937  .rodata.extflash_write.str1.1	extern_flash.o
    0x0800dba2   0x00000009   Data   RO       3422  .rodata.consume_check.str1.1	packet_format.o
    0x0800dbab   0x00000001   Data   RO       3464  .rodata._DTYPE_DIFF_NOMAL	const_data.o
    0x0800dbac   0x00000001   Data   RO       3465  .rodata._DTYPE_DIFF_SERAIL	const_data.o
    0x0800dbad   0x00000001   PAD
    0x0800dbae   0x00000200   Data   RO       3478  .rodata.crc16_table	verify.o
    0x0800ddae   0x00000002   PAD

    Region D-SRAM (Base: 0x20010000, Size: 0x00012468, Max: 0x00038000)

    Base Addr    Size         Type   Attr      Idx   Section Name       Object
    0x20010100   0x00000060   Data   RW       3979  .data          	stdinit.o
    0x20010160   0x00000040   Data   RW       1000  .data.exspi_fls	wm_fls_gd25qxx.o
    0x200101a0   0x00000004   Data   RW       1253  .data.TLS_FLASH_END_ADDR	wm_internal_fls.o
    0x200101a4   0x00000004   Data   RW       1254  .data.TLS_FLASH_OTA_FLAG_ADDR	wm_internal_fls.o
    0x200101a8   0x00000004   Data   RW       1255  .data.TLS_FLASH_PARAM1_ADDR	wm_internal_fls.o
    0x200101ac   0x00000004   Data   RW       1256  .data.TLS_FLASH_PARAM2_ADDR	wm_internal_fls.o
    0x200101b0   0x00000004   Data   RW       1257  .data.TLS_FLASH_PARAM_DEFAULT	wm_internal_fls.o
    0x200101b4   0x00000004   Data   RW       1258  .data.TLS_FLASH_PARAM_RESTORE_ADDR	wm_internal_fls.o
    0x200101b8   0x00000100   Data   RW       2265  .data.g_key_module_trustboot	verify.o
    0x200102b8   0x00000020   Data   RW       3025  .data.g_eflash_ops	flash_ops.o
    0x200102d8   0x00008000   Zero   RW        192  .bss           	startup.o
    0x200182d8   0x00000204   Zero   RW        198  .bss           	vectors.o
    0x200184dc   0x00000028   Zero   RW        343  .bss.eflash_handle	eflash.o
    0x20018504   0x00000068   Zero   RW        632  .bss.sha_handle	sha.o
    0x2001856c   0x00000018   Zero   RW        661  .bss.spi_instance	spi.o
    0x20018584   0x00000004   Zero   RW        689  .bss.spi_handler	spiflash.o
    0x20018588   0x00000050   Zero   RW        690  .bss.spiflash_instance	spiflash.o
    0x200185d8   0x00000118   Zero   RW        786  .bss.usart_instance	uart.o
    0x200186f0   0x00000008   Zero   RW        899  .bss.channels  	wm_dma.o
    0x200186f8   0x00000004   Zero   RW        971  .bss.spi_fls   	wm_fls.o
    0x200186fc   0x00000004   Zero   RW        999  .bss.exspifls_drv	wm_fls_gd25qxx.o
    0x20018700   0x00000004   Zero   RW       1120  .bss.spi_port  	wm_hostspi.o
    0x20018704   0x00000014   Zero   RW       1371  .bss.pwm_callback	wm_pwm.o
    0x20018718   0x00000014   Zero   RW       1372  .bss.pwm_callback_arg	wm_pwm.o
    0x2001872c   0x00000100   Zero   RW       1757  .bss.g_acc     	wm_rsa.o
    0x2001882c   0x00000020   Zero   RW       1758  .bss.rsa_handle	wm_rsa.o
    0x2001884c   0x00000004   Zero   RW       1988  .bss.g_max_used_size	mm_mallinfo.o
    0x20018850   0x00000004   Zero   RW       2115  .bss.g_diff_init.3280	update_diff.o
    0x20018854   0x00000004   Zero   RW       2166  .bss.g_flash_misc_addr	update_misc_man.o
    0x20018858   0x00000004   Zero   RW       2167  .bss.g_flash_misc_fota_data_addr	update_misc_man.o
    0x2001885c   0x00000004   Zero   RW       2168  .bss.g_flash_misc_section_size	update_misc_man.o
    0x20018860   0x00000004   Zero   RW       2169  .bss.g_flash_misc_size	update_misc_man.o
    0x20018864   0x00000004   Zero   RW       2204  .bss.g_part_init_ok.3792	partition.o
    0x20018868   0x00000008   Zero   RW       2205  .bss.g_partion_array	partition.o
    0x20018870   0x000001e0   Zero   RW       2206  .bss.g_scn_buf 	partition.o
    0x20018a50   0x00000020   Zero   RW       2239  .bss.g_flash_ops	partition_flash.o
    0x20018a70   0x00000004   Zero   RW       2240  .bss.g_init_default	partition_flash.o
    0x20018a74   0x000001d8   Zero   RW       2264  .bss.g_sha_ctx.5329	verify.o
    0x20018c4c   0x00000014   Zero   RW       2298  .bss.g_mtb     	mtb.o
    0x20018c60   0x00000004   Zero   RW       2671  .bss.g_km_init 	key_mgr.o
    0x20018c64   0x00000a7c   Zero   RW       2732  .bss.g_pub_key_info	key_mgr_pub_key.o
    0x200196e0   0x00000400   Zero   RW       2752  .bss.xz_crc32_table	xz_crc32.o
    0x20019ae0   0x00000800   Zero   RW       2869  .bss.out       	xz_dec.o
    0x2001a2e0   0x00000004   Zero   RW       2870  .bss.xz_decoder	xz_dec.o
    0x2001a2e4   0x00000004   Zero   RW       3023  .bss.eflash_hd 	flash_ops.o
    0x2001a2e8   0x00000004   Zero   RW       3024  .bss.eflash_info	flash_ops.o
    0x2001a2ec   0x00000004   Zero   RW       3049  .bss.g_console_handle	board.o
    0x2001a2f0   0x00000004   Zero   RW       3050  .bss.w800_board_is_init.6399	board.o
    0x2001a2f4   0x00000001   Zero   RW       3421  .bss.not_back_flg	packet_format.o
    0x2001a2f5   0x00000003   PAD
    0x2001a2f8   0x00000004   Zero   RW        189  COMMON         	trap_c.o
    0x2001a2fc   0x00000148   Zero   RW       1939  COMMON         	mm_initialize.o
    0x2001a444   0x00000004   Zero   RW       2187  COMMON         	update_misc_man.o
    0x2001a448   0x0000000c   Zero   RW       3404  COMMON         	contrl_double.o
    0x2001a454   0x00000014   Zero   RW       3435  COMMON         	packet_format.o
    0x2001a468   0x00008000   PAD

    Region *default* (Base: 0x00000000, Size: 0x00000000, Max: 0xffffffff)


======================================================================

Image component sizes

       Code    RO Data    RW Data    ZI Data      Debug   Object Name

          0          0          0          0          0   linker stubs
	------------------------------------------------------------
          0          0          0          0          0   Object Totals
        208         14          0          3          0   Pad
          0          0          0          0          0   LD_GEN

	------------------------------------------------------------
    [Library Name]: yoc_sdk/lib/libcsi.a
	------------------------------------------------------------
       Code    RO Data    RW Data    ZI Data      Debug   Library Member Name

          0          0          0          0          0   dev_ringbuf.o
	------------------------------------------------------------
          0          0          0          0          0   Library Totals
          0          0          0          0          0   Pad
          0          0          0          0          0   LD_GEN

	------------------------------------------------------------
    [Library Name]: yoc_sdk/lib/libchip_w800.a
	------------------------------------------------------------
       Code    RO Data    RW Data    ZI Data      Debug   Library Member Name

          0          0          0          0          0   entry_c.o
          0          0          0          0          0   isr.o
          0          0          0          0          0   lib.o
          0          0          0          0          0   novic_irq_tbl.o
          0          0          0          0          0   os_port.o
        520          0          0          0       6070   pinmux.o
          8          0          0          0        643   reboot.o
         26          0          0          0       1880   sys_freq.o
         60          0          0          0       2431   system.o
        120         54          0          4       1211   trap_c.o
        120          0          0      32768          0   startup.o
         80          0          0        516          0   vectors.o
          0          0          0          0          0   adc.o
          0          0          0          0          0   aes.o
          0          0          0          0          0   codec.o
          0          0          0          0          0   crc.o
        298        176          0          0       6978   devices.o
        506          0          0         40       4922   eflash.o
          0          0          0          0          0   gpio.o
          0          0          0          0          0   i2s.o
          0          0          0          0          0   iic.o
          0          0          0          0          0   infrared_rx.o
          0          0          0          0          0   infrared_tx.o
          0          0          0          0          0   irq.o
          0          0          0          0          0   pmu.o
          0          0          0          0          0   pwm.o
          0          0          0          0          0   rtc.o
        204          0          0        104       4785   sha.o
         72          0          0         24       9371   spi.o
        392         29          0         84       5565   spiflash.o
          0          0          0          0          0   timer.o
          0          0          0          0          0   trng.o
        528          0          0        280      15834   uart.o
          0          0          0          0          0   wdt.o
          0          0          0          0          0   wm_adc.o
         44          0          0          0       2666   wm_cpu.o
        420         37          0          8       6198   wm_dma.o
          0          0          0          0          0   wm_efuse.o
        796          0          0          4       6960   wm_fls.o
        530          0         64          4       4759   wm_fls_gd25qxx.o
        172          0          0          0      10903   wm_gpio.o
        738          0          0          0       7981   wm_gpio_afsel.o
       2988          0          0          4      18802   wm_hostspi.o
          0          0          0          0          0   wm_i2c.o
          0          0          0          0          0   wm_i2s.o
       1004          0         24          0      12367   wm_internal_fls.o
        436          0          0          0       6534   wm_io.o
          0          0          0          0          0   wm_irq.o
          0          0          0          0          0   wm_pmu.o
         60          0          0         40      19380   wm_pwm.o
          0          0          0          0          0   wm_rtc.o
          0          0          0          0          0   wm_timer.o
         36          0          0          0       3518   wm_watchdog.o
       1164          0          0          0      19569   wm_crypto_hard.o
          0          0          0          0          0   wm_fwup.o
          0          0          0          0          0   utils.o
         52          0          0          0       2713   wm_mem.o
          0          0          0          0          0   wm_param.o
          0          0          0          0          0   wm_oneshot_airkiss.o
          0          0          0          0          0   wm_oneshot_lsd.o
          0          0          0          0          0   wm_wifi_oneshot.o
          6          0          0          0       2327   wm_osal.o
       1018         52          0        288      16303   wm_rsa.o
	------------------------------------------------------------
      12398        348         88      34168     200670   Library Totals
          0          0          0          0          0   Pad
          0          0          0          0          0   LD_GEN

	------------------------------------------------------------
    [Library Name]: yoc_sdk/lib/libboot.a
	------------------------------------------------------------
       Code    RO Data    RW Data    ZI Data      Debug   Library Member Name

         40          0          0          0       1671   diff_port.o
         40          0          0          0       2227   malloc.o
          0          0          0          0          0   newlib_stub.o
        720          7          0          0       4026   printf.o
          0          0          0          0          0   dq_addlast.o
          0          0          0          0          0   dq_rem.o
          0          0          0          0          0   lib_mallinfo.o
         62          0          0          0       1521   mm_addfreechunk.o
        180          0          0          0       1781   mm_free.o
        182          0          0        328       2044   mm_initialize.o
          0          0          0          0          0   mm_leak.o
        138         36          0          4       2065   mm_mallinfo.o
        156         29          0          0       1925   mm_malloc.o
         28          0          0          0       1334   mm_size2ndx.o
        168          0          0          0       2867   boot_flash_porting.o
        140        136          0          0       1567   boot_main.o
         68         57          0          0       2941   boot_virtual.o
        252        124          0          0       2799   update_core.o
         52          0          0          4       1488   update_diff.o
        592        164          0          0       4550   update_mtb.o
       1960        632          0         20      10993   update_misc_man.o
	------------------------------------------------------------
       4778       1185          0        356      45799   Library Totals
          0          0          0          0          0   Pad
          0          0          0          0          0   LD_GEN

	------------------------------------------------------------
    [Library Name]: yoc_sdk/lib/libpartition.a
	------------------------------------------------------------
       Code    RO Data    RW Data    ZI Data      Debug   Library Member Name

        666          0          0        492       6202   partition.o
        402         32          0         36       5755   partition_flash.o
        630        106        256        472       7179   verify.o
        782        153          0         20       7870   mtb.o
       1116        276          0          0      11638   mtbv.o
        710        168          0          0       4981   mtbv4.o
         40       1024          0          0        967   crc32.o
          0          0          0          0          0   misc.o
	------------------------------------------------------------
       4346       1759        256       1020      44592   Library Totals
          0          0          0          0          0   Pad
          0          0          0          0          0   LD_GEN

	------------------------------------------------------------
    [Library Name]: yoc_sdk/lib/libsec_crypto.a
	------------------------------------------------------------
       Code    RO Data    RW Data    ZI Data      Debug   Library Member Name

          0          0          0          0          0   iot_auth.o
          0          0          0          0          0   iot_keymgr.o
          0          0          0          0          0   iot_memprot.o
          0          0          0          0          0   efuse.o
          0          0          0          0          0   rom.o
          0          0          0          0          0   md.o
          0          0          0          0          0   md_wrap.o
          0          0          0          0          0   sha1.o
          0          0          0          0          0   sha256.o
          0          0          0          0          0   sec_crypto_common.o
          0          0          0          0          0   sec_mcu_aes.o
          0          0          0          0          0   sec_mcu_rng.o
          0          0          0          0          0   sec_mcu_rsa.o
          0          0          0          0          0   sec_mcu_sha.o
          0          0          0          0          0   sec_mcu_aes.o
          0          0          0          0          0   sec_mcu_rng.o
        202          0          0          0       6459   sec_mcu_rsa.o
        276          0          0          0       3447   sec_mcu_sha.o
	------------------------------------------------------------
        478          0          0          0       9906   Library Totals
          0          0          0          0          0   Pad
          0          0          0          0          0   LD_GEN

	------------------------------------------------------------
    [Library Name]: yoc_sdk/lib/libkey_mgr.a
	------------------------------------------------------------
       Code    RO Data    RW Data    ZI Data      Debug   Library Member Name

         32          0          0          4       2844   key_mgr.o
          0          0          0          0          0   key_mgr_efuse.o
          0          0          0          0          0   key_mgr_parser.o
         16          0          0          0       1304   key_mgr_port.o
        296        106          0       2684       4385   key_mgr_pub_key.o
	------------------------------------------------------------
        344        106          0       2688       8533   Library Totals
          0          0          0          0          0   Pad
          0          0          0          0          0   LD_GEN

	------------------------------------------------------------
    [Library Name]: yoc_sdk/lib/libxz.a
	------------------------------------------------------------
       Code    RO Data    RW Data    ZI Data      Debug   Library Member Name

         96          0          0       1024       1300   xz_crc32.o
          0          0          0          0          0   xz_crc64.o
          0          0          0          0          0   xz_dec_bcj.o
       3740         66          0          0      15719   xz_dec_lzma2.o
       2074         65          0          0       6449   xz_dec_stream.o
          0          0          0          0          0   xz_dec_syms.o
          0          0          0          0          0   decompress_unxz.o
        344        224          0       2052       2210   xz_dec.o
	------------------------------------------------------------
       6254        355          0       3076      25678   Library Totals
          0          0          0          0          0   Pad
          0          0          0          0          0   LD_GEN

	------------------------------------------------------------
    [Library Name]: yoc_sdk/lib/libw800_boot.a
	------------------------------------------------------------
       Code    RO Data    RW Data    ZI Data      Debug   Library Member Name

          4          0          0          0        712   _init.o
        272        254          0          0       3111   app_main.o
        324         94          0          0       4136   extern_flash.o
       3380          0          0          0      25999   libtommath.o
        192          0         32          8       2596   flash_ops.o
        440          0          0          8       6082   board.o
          8          0          0          0        300   pre_main.o
	------------------------------------------------------------
       4620        348         32         16      42936   Library Totals
          0          0          0          0          0   Pad
          0          0          0          0          0   LD_GEN

	------------------------------------------------------------
    [Library Name]: /mnt/d/for_linux/ble/gateway_boot/yoc_1520_upgrade/components/boot/diff/ck804ef/libdiff_dc.a
	------------------------------------------------------------
       Code    RO Data    RW Data    ZI Data      Debug   Library Member Name

          0          0          0          0          0   lzo1x_9x.o
          0          0          0          0          0   lzo1x_d3.o
          0          0          0          0          0   lzo1z_9x.o
          0          0          0          0          0   lzo1z_d1.o
        960          0          0          0       4720   lzo1z_d2.o
          0          0          0          0          0   lzo1z_d3.o
          0          0          0          0          0   lzo_crc.o
        614          0          0          0      12496   lzo_init.o
          0          0          0          0          0   lzo_ptr.o
          0          0          0          0          0   lzo_str.o
          0          0          0          0          0   lzo_util.o
         24          0          0          0       1436   bsp_port.o
          0          0          0          0          0   compress_api.o
        120          0          0          0       4259   decompress_api.o
        348          0          0          0       3477   batch.o
          0          0          0          0          0   contrl.o
        438          0          0         12       3146   contrl_double.o
       2766          9          0         21      13992   packet_format.o
         44          0          0          0       2554   bank.o
          0          2          0          0        689   const_data.o
         40        512          0          0       1102   verify.o
	------------------------------------------------------------
       5354        523          0         33      47871   Library Totals
          0          0          0          0          0   Pad
          0          0          0          0          0   LD_GEN

	------------------------------------------------------------
    [Library Name]: /opt/csky-elfabiv2-tools/bin/../lib/gcc/csky-elfabiv2/6.3.0/ck803/hard-fp/libgcc.a
	------------------------------------------------------------
       Code    RO Data    RW Data    ZI Data      Debug   Library Member Name

         40          0          0          0          0   _ashldi3.o
         88          0          0          0          0   _ctzsi2.o
         56          0          0          0          0   _fixunsdfsi.o
        816          0          0          0          0   _addsub_df.o
        512          0          0          0          0   _mul_df.o
          0          0          0          0          0   _div_df.o
         64          0          0          0          0   _ge_df.o
          0          0          0          0          0   _si_to_df.o
        112          0          0          0          0   _df_to_si.o
          0         20          0          0          0   _thenan_df.o
         86          0          0          0          0   _usi_to_df.o
         74          0          0          0          0   _muldi3.o
          0        256          0          0          0   _clz.o
        398          0          0          0          0   _pack_df.o
        228          0          0          0          0   _unpack_df.o
        194          0          0          0          0   _fpcmp_parts_df.o
          0          0          0          0          0   _df_to_sf.o
          0          0          0          0          0   _make_sf.o
          0          0          0          0          0   _pack_sf.o
	------------------------------------------------------------
       2668        276          0          0          0   Library Totals
          0          0          0          0          0   Pad
          0          0          0          0          0   LD_GEN

	------------------------------------------------------------
    [Library Name]: /opt/csky-elfabiv2-tools/bin/../lib/gcc/csky-elfabiv2/6.3.0/../../../../csky-elfabiv2/lib/ck803/hard-fp/libc.a
	------------------------------------------------------------
       Code    RO Data    RW Data    ZI Data      Debug   Library Member Name

          0          0          0          0          0   printf_required.o
          0          0          0          0          0   sscanf.o
          0          0          0          0          0   puts.o
          0          0          0          0          0   fputs.o
         16          0          0          0          0   putchar.o
          0          0          0          0          0   vprintf_required.o
          0          0          0          0          0   atoi.o
          0          0          0          0          0   strtol.o
          0          0          0          0          0   rand.o
        330          0          0          0          0   memcmp_fast.o
          0          0          0          0          0   strcpy_fast.o
        126          0          0          0          0   memcpy_fast.o
        160          0          0          0          0   memset_fast.o
        184          0          0          0          0   memmove_fast.o
         36          0          0          0          0   strncmp.o
         44          0          0          0          0   strncpy.o
         62          0          0          0          0   strlen_fast.o
        214          0          0          0          0   strcmp_fast.o
          0          0          0          0          0   isupper.o
          0          0          0          0          0   isspace.o
          0          0          0          0          0   isdigit.o
          0          0          0          0          0   isalpha.o
          0          0          0          0          0   minilibc_init.o
          0          0          0          0          0   critical.o
          0          0         96          0          0   stdinit.o
          0          0          0          0          0   vsscanf_required.o
          8          0          0          0          0   putc.o
          0          0          0          0          0   __v2_printfDHS.o
          0          0          0          0          0   __v2_scanf-int-ll-str-fp.o
	------------------------------------------------------------
       1180          0         96          0          0   Library Totals
          0          0          0          0          0   Pad
          0          0          0          0          0   LD_GEN

	------------------------------------------------------------

======================================================================


       Code    RO Data    RW Data    ZI Data      Debug
      42628       4914        472      41360     425985   Grand Totals
      42628       4914        472      41360     425985   Elf Image Totals
      42628       4914        472          0          0   ROM Totals

======================================================================

Total	RO	Size (Code + RO Data)				47542 (  46.43kB)
Total	RW	Size (RW Data + ZI Data)			41832 (  40.85kB)
Total	ROM	Size (Code + RO Data + RW Data)		48014 (  46.89kB)

======================================================================
